Кросс-распределение «со-цитирования» - «топики контекстов цитирований»
1   'IMF' 7/3/5/0/0 (11)
   1   'капитал, рост, страна, год, товар': 4/0/0/0/0 (4)
   2   'see, работа, доход, результат, subnational': 0/2/1/0/0 (3)
   3   'economic, growth, rate, tax, see': 0/0/1/0/0 (1)
   4   'expenditure, see, рост, government, federal': 0/0/1/0/0 (1)
   5   'government, expenditure, рост, fiscal, капитал': 1/0/0/0/0 (1)
   6   'see, tax, federal, expenditure, government': 0/0/1/0/0 (1)
   7   'бюджетный, оценка, страна, работа, expenditure': 0/1/0/0/0 (1)
   8   'ввп, разрыв, структурный, see, объем': 0/0/1/0/0 (1)
   9   'рост, показатель, капитал, экономический, уровень': 1/0/0/0/0 (1)
   10  'фильтр, оценка, ввп, рост, потенциальный': 1/0/0/0/0 (1)
2   'Auerbach' 0/4/9/0/0 (6)
   1   'see, оценка, subnational, разрыв, authority': 0/0/3/0/0 (3)
   2   'see, работа, доход, результат, subnational': 0/1/1/0/0 (2)
   3   'бюджетный, оценка, страна, работа, expenditure': 0/1/1/0/0 (2)
   4   'использовать, потенциальный, ввп, компонент, оценка': 0/0/2/0/0 (2)
   5   'фильтр, оценка, ввп, рост, потенциальный': 0/1/1/0/0 (2)
   6   'бюджетный, государственный, бюджет, расход, рост': 0/0/1/0/0 (1)
   7   'цикл, see, модель, являться, работа': 0/1/0/0/0 (1)
3   'Gale' 0/4/9/0/0 (6)
   1   'see, оценка, subnational, разрыв, authority': 0/0/3/0/0 (3)
   2   'see, работа, доход, результат, subnational': 0/1/1/0/0 (2)
   3   'бюджетный, оценка, страна, работа, expenditure': 0/1/1/0/0 (2)
   4   'использовать, потенциальный, ввп, компонент, оценка': 0/0/2/0/0 (2)
   5   'фильтр, оценка, ввп, рост, потенциальный': 0/1/1/0/0 (2)
   6   'бюджетный, государственный, бюджет, расход, рост': 0/0/1/0/0 (1)
   7   'цикл, see, модель, являться, работа': 0/1/0/0/0 (1)
4   'Orszag' 0/4/9/0/0 (6)
   1   'see, оценка, subnational, разрыв, authority': 0/0/3/0/0 (3)
   2   'see, работа, доход, результат, subnational': 0/1/1/0/0 (2)
   3   'бюджетный, оценка, страна, работа, expenditure': 0/1/1/0/0 (2)
   4   'использовать, потенциальный, ввп, компонент, оценка': 0/0/2/0/0 (2)
   5   'фильтр, оценка, ввп, рост, потенциальный': 0/1/1/0/0 (2)
   6   'бюджетный, государственный, бюджет, расход, рост': 0/0/1/0/0 (1)
   7   'цикл, see, модель, являться, работа': 0/1/0/0/0 (1)
5   'Идрисов' 2/0/0/8/0 (6)
   1   'бюджетный, государственный, бюджет, расход, рост': 2/0/0/0/0 (2)
   2   'ввп, разрыв, структурный, see, объем': 0/0/0/2/0 (2)
   3   'капитал, рост, страна, год, товар': 0/0/0/2/0 (2)
   4   'economic, growth, rate, tax, see': 0/0/0/1/0 (1)
   5   'потенциальный, ввп, метод, ряд, цена': 0/0/0/1/0 (1)
   6   'уровень, цена, экономический, товар, экономика': 0/0/0/1/0 (1)
   7   'цена, уровень, товар, единый, закон': 0/0/0/1/0 (1)
6   'Bank' 2/1/2/0/0 (4)
   1   'ввп, разрыв, структурный, see, объем': 1/0/1/0/0 (2)
   2   'economic, growth, rate, tax, see': 1/0/0/0/0 (1)
   3   'expenditure, see, рост, government, federal': 0/0/1/0/0 (1)
   4   'бюджетный, оценка, страна, работа, expenditure': 0/1/0/0/0 (1)
7   'Blanchard' 0/4/0/1/0 (4)
   1   'цикл, see, модель, являться, работа': 0/2/0/0/0 (2)
   2   'see, tax, federal, expenditure, government': 0/0/0/1/0 (1)
   3   'see, оценка, subnational, разрыв, authority': 0/1/0/0/0 (1)
   4   'фильтр, оценка, ввп, рост, потенциальный': 0/1/0/0/0 (1)
8   'Burnside' 0/4/0/0/0 (4)
   1   'see, работа, доход, результат, subnational': 0/2/0/0/0 (2)
   2   'цикл, see, модель, являться, работа': 0/2/0/0/0 (2)
9   'Oates' 0/6/0/0/0 (4)
   1   'public, government, expenditure, region, goods': 0/3/0/0/0 (3)
   2   'government, expenditure, рост, fiscal, капитал': 0/1/0/0/0 (1)
   3   'see, оценка, subnational, разрыв, authority': 0/1/0/0/0 (1)
   4   'ввп, разрыв, структурный, see, объем': 0/1/0/0/0 (1)
10  'Reinhart' 2/0/3/0/0 (4)
   1   'капитал, рост, страна, год, товар': 0/0/2/0/0 (2)
   2   'уровень, цена, экономический, товар, экономика': 2/0/0/0/0 (2)
   3   'ввп, разрыв, структурный, see, объем': 0/0/1/0/0 (1)
