Кросс-распределение «5 фрагментов» - «фразы из контекстов цитирований»
1   'экономический рост' 69/25/13/7/25 (139)
   1   'темп экономический': 19/11/4/3/7 (44)
   2   'темп рост': 9/14/5/2/10 (40)
   3   'производственный функция': 4/12/0/4/0 (20)
   4   'цена нефть': 4/0/1/4/8 (17)
   5   'российский экономика': 8/0/1/0/6 (15)
   6   'человеческий капитал': 0/5/3/0/7 (15)
   7   'условие торговля': 8/0/4/0/0 (12)
   8   'труд капитал': 5/0/1/0/4 (10)
   9   'момент время': 1/0/2/2/4 (9)
   10  'экономический развитие': 7/2/0/0/0 (9)
   11  'уровень цена': 0/0/1/2/4 (7)
   12  'потенциальный ввп': 0/2/0/4/0 (6)
   13  'точка зрение': 2/0/1/0/3 (6)
   14  'период год': 0/4/0/0/0 (4)
   15  'получить результат': 0/4/0/0/0 (4)
   16  'развиваться экономика': 4/0/0/0/0 (4)
   17  'уровень ввп': 0/0/1/1/2 (4)
   18  'государственный финансы': 3/0/0/0/0 (3)
   19  'метод оценка': 0/0/1/2/0 (3)
   20  'бюджетный разрыв': 0/0/2/0/0 (2)
   21  'относительный цена': 2/0/0/0/0 (2)
   22  'товар услуга': 1/0/1/0/0 (2)
2   'потенциальный ввп' 16/69/6/24/2 (117)
   1   'оценка потенциальный': 3/27/6/8/0 (44)
   2   'разрыв выпуск': 5/16/0/2/4 (27)
   3   'производственный функция': 0/16/0/8/0 (24)
   4   'фильтр ходрикапрескотта': 0/17/0/0/0 (17)
   5   'метод оценка': 0/8/4/4/0 (16)
   6   'уровень безработица': 14/0/0/0/0 (14)
   7   'уровень ввп': 7/4/0/0/0 (11)
   8   'точка зрение': 2/8/0/0/0 (10)
   9   'труд капитал': 3/4/0/0/0 (7)
   10  'цена нефть': 0/1/0/4/0 (5)
   11  'экономический развитие': 0/1/0/4/0 (5)
   12  'оценка разрыв': 0/2/0/0/2 (4)
   13  'темп рост': 0/2/0/0/2 (4)
   14  'темп экономический': 0/1/0/2/0 (3)
   15  'экономический рост': 0/1/0/2/0 (3)
   16  'получить результат': 0/2/0/0/0 (2)
3   'уровень цена' 78/11/6/4/14 (113)
   1   'единый цена': 17/13/1/0/0 (31)
   2   'закон единый': 17/12/1/0/0 (30)
   3   'общий уровень': 22/6/0/0/0 (28)
   4   'цена нефть': 0/0/2/5/20 (27)
   5   'город сша': 20/0/0/0/0 (20)
   6   'товар услуга': 17/0/0/0/0 (17)
   7   'темп рост': 4/0/2/4/6 (16)
   8   'уровень ввп': 0/0/3/1/12 (16)
   9   'относительный цена': 8/5/0/0/0 (13)
   10  'единичный корень': 6/3/0/0/0 (9)
   11  'период год': 1/5/1/0/2 (9)
   12  'получить результат': 9/0/0/0/0 (9)
   13  'момент время': 0/0/2/2/4 (8)
   14  'временный ряд': 3/3/0/0/0 (6)
   15  'темп экономический': 0/0/1/1/2 (4)
   16  'экономический рост': 0/0/1/1/2 (4)
   17  'точка зрение': 0/0/1/0/0 (1)
   18  'условие торговля': 0/0/1/0/0 (1)
4   'разрыв выпуск' 5/44/18/6/8 (81)
   1   'потенциальный ввп': 5/29/0/4/2 (40)
   2   'оценка разрыв': 0/6/14/4/8 (32)
   3   'многомерный фильтр': 0/14/14/0/0 (28)
   4   'фильтр калман': 0/18/10/0/0 (28)
   5   'фильтр ходрикапрескотта': 0/17/8/0/0 (25)
   6   'структурный var': 0/12/4/4/0 (20)
   7   'оценка потенциальный': 3/11/0/2/0 (16)
   8   'производственный функция': 0/8/4/4/0 (16)
   9   'точка зрение': 0/9/4/2/0 (15)
   10  'метод оценка': 0/4/0/2/0 (6)
   11  'труд капитал': 3/2/0/0/0 (5)
   12  'момент время': 0/4/0/0/0 (4)
   13  'темп рост': 0/2/0/0/2 (4)
   14  'период год': 0/0/0/0/2 (2)
   15  'цена нефть': 0/0/0/2/0 (2)
   16  'экономический развитие': 0/0/0/2/0 (2)
5   'темп рост' 22/18/7/11/20 (78)
   1   'экономический рост': 11/12/5/1/13 (42)
   2   'цена нефть': 4/0/2/5/14 (25)
   3   'темп экономический': 9/4/4/1/5 (23)
   4   'уровень цена': 5/0/2/4/8 (19)
   5   'человеческий капитал': 8/7/0/0/3 (18)
   6   'российский экономика': 6/0/1/0/7 (14)
   7   'период год': 0/5/1/1/3 (10)
   8   'уровень ввп': 0/0/3/1/6 (10)
   9   'момент время': 0/0/2/2/4 (8)
   10  'потенциальный ввп': 0/6/0/0/2 (8)
   11  'разрыв выпуск': 0/4/0/0/4 (8)
   12  'производственный функция': 0/6/0/0/0 (6)
   13  'труд капитал': 2/0/1/0/3 (6)
   14  'общий уровень': 4/0/0/0/0 (4)
   15  'оценка потенциальный': 0/4/0/0/0 (4)
   16  'оценка разрыв': 0/2/0/0/2 (4)
   17  'получить результат': 0/4/0/0/0 (4)
   18  'экономический развитие': 4/0/0/0/0 (4)
   19  'товар услуга': 1/0/1/1/0 (3)
   20  'бюджетный разрыв': 0/0/0/0/2 (2)
   21  'условие торговля': 1/0/1/0/0 (2)
   22  'фильтр ходрикапрескотта': 0/2/0/0/0 (2)
   23  'точка зрение': 0/0/1/0/0 (1)
6   'public goods' 61/12/1/0/2 (76)
   1   'provision public': 23/8/0/0/0 (31)
   2   'subnational authority': 3/5/0/0/0 (8)
   3   'budget constraint': 7/0/0/0/0 (7)
   4   'see see': 2/3/0/0/0 (5)
   5   'financial aid': 4/0/0/0/0 (4)
   6   'central government': 2/1/0/0/0 (3)
   7   'subnational government': 0/2/0/0/0 (2)
   8   'federal government': 0/1/0/0/0 (1)
   9   'soft budget': 1/0/0/0/0 (1)
7   'производственный функция' 5/36/4/18/0 (63)
   1   'потенциальный ввп': 0/24/0/10/0 (34)
   2   'разрыв выпуск': 0/16/8/4/0 (28)
   3   'фильтр ходрикапрескотта': 0/18/4/4/0 (26)
   4   'экономический рост': 4/11/0/2/0 (17)
   5   'фильтр калман': 0/8/8/0/0 (16)
   6   'структурный var': 0/10/0/4/0 (14)
   7   'многомерный фильтр': 0/4/8/0/0 (12)
   8   'оценка потенциальный': 0/8/0/2/0 (10)
   9   'оценка разрыв': 0/0/6/4/0 (10)
   10  'темп экономический': 0/7/0/2/0 (9)
   11  'точка зрение': 0/4/4/0/0 (8)
   12  'темп рост': 0/6/0/0/0 (6)
   13  'труд капитал': 1/4/0/0/0 (5)
   14  'уровень ввп': 0/4/0/0/0 (4)
   15  'получить результат': 0/2/0/0/0 (2)
   16  'цена нефть': 0/0/0/2/0 (2)
   17  'экономический развитие': 0/0/0/2/0 (2)
8   'subnational authority' 13/42/7/0/0 (62)
   1   'see see': 3/21/3/0/0 (27)
   2   'budget constraint': 5/10/3/0/0 (18)
   3   'soft budget': 3/10/0/0/0 (13)
   4   'public goods': 5/7/0/0/0 (12)
   5   'financial aid': 7/3/0/0/0 (10)
   6   'provision public': 4/6/0/0/0 (10)
   7   'detail see': 0/7/0/0/0 (7)
   8   'central government': 0/6/0/0/0 (6)
   9   'federal government': 0/0/1/0/0 (1)
9   'budget constraint' 23/32/3/0/0 (58)
   1   'subnational authority': 8/12/3/0/0 (23)
   2   'soft budget': 14/5/0/0/0 (19)
   3   'public goods': 12/0/0/0/0 (12)
   4   'see see': 4/7/1/0/0 (12)
   5   'financial aid': 8/3/0/0/0 (11)
   6   'provision public': 5/0/0/0/0 (5)
   7   'момент время': 0/4/0/0/0 (4)
   8   'detail see': 0/3/0/0/0 (3)
   9   'central government': 0/1/0/0/0 (1)
   10  'subnational government': 0/1/0/0/0 (1)
10  'единый цена' 22/30/3/1/0 (56)
   1   'закон единый': 22/28/3/1/0 (54)
   2   'уровень цена': 27/8/1/0/0 (36)
   3   'товар услуга': 21/0/0/1/0 (22)
   4   'относительный цена': 12/7/0/0/0 (19)
   5   'временный ряд': 6/2/1/0/0 (9)
   6   'город сша': 8/0/0/0/0 (8)
   7   'общий уровень': 4/4/0/0/0 (8)
   8   'единичный корень': 4/3/0/0/0 (7)
   9   'период год': 0/5/0/0/0 (5)
   10  'получить результат': 5/0/0/0/0 (5)
11  'see see' 9/34/11/0/0 (54)
   1   'subnational authority': 3/23/3/0/0 (29)
   2   'budget constraint': 4/9/1/0/0 (14)
   3   'financial aid': 8/1/0/0/0 (9)
   4   'public goods': 4/3/0/0/0 (7)
   5   'soft budget': 1/6/0/0/0 (7)
   6   'central government': 0/2/3/0/0 (5)
   7   'detail see': 0/5/0/0/0 (5)
   8   'economic growth': 0/2/2/0/0 (4)
   9   'provision public': 0/3/0/0/0 (3)
   10  'subnational government': 0/2/0/0/0 (2)
   11  'federal government': 0/0/1/0/0 (1)
12  'закон единый' 22/28/3/1/0 (54)
   1   'единый цена': 22/30/3/1/0 (56)
   2   'уровень цена': 27/8/1/0/0 (36)
   3   'товар услуга': 21/0/0/1/0 (22)
   4   'относительный цена': 12/7/0/0/0 (19)
   5   'временный ряд': 6/2/1/0/0 (9)
   6   'город сша': 8/0/0/0/0 (8)
   7   'общий уровень': 4/4/0/0/0 (8)
   8   'единичный корень': 4/3/0/0/0 (7)
   9   'период год': 0/5/0/0/0 (5)
   10  'получить результат': 5/0/0/0/0 (5)
13  'фильтр ходрикапрескотта' 0/35/12/4/0 (51)
   1   'разрыв выпуск': 0/23/12/0/0 (35)
   2   'потенциальный ввп': 0/34/0/0/0 (34)
   3   'производственный функция': 0/12/4/4/0 (20)
   4   'фильтр калман': 0/12/8/0/0 (20)
   5   'многомерный фильтр': 0/4/12/0/0 (16)
   6   'оценка потенциальный': 0/16/0/0/0 (16)
   7   'структурный var': 0/10/4/0/0 (14)
   8   'точка зрение': 0/9/4/0/0 (13)
   9   'оценка разрыв': 0/2/10/0/0 (12)
   10  'метод оценка': 0/8/0/0/0 (8)
   11  'уровень ввп': 0/4/0/0/0 (4)
   12  'период год': 0/0/2/0/0 (2)
   13  'получить результат': 0/2/0/0/0 (2)
   14  'темп рост': 0/2/0/0/0 (2)
14  'economic growth' 4/23/20/1/0 (48)
   1   'detail see': 1/0/8/0/0 (9)
   2   'see see': 0/1/2/0/0 (3)
15  'detail see' 2/24/16/5/0 (47)
   1   'economic growth': 1/0/5/0/0 (6)
   2   'see see': 0/5/0/0/0 (5)
   3   'subnational authority': 0/5/0/0/0 (5)
   4   'budget constraint': 0/3/0/0/0 (3)
   5   'central government': 0/2/0/0/0 (2)
   6   'government expenditure': 0/0/0/2/0 (2)
16  'временный ряд' 15/3/26/0/2 (46)
   1   'относительный цена': 10/4/0/0/0 (14)
   2   'уровень цена': 9/5/0/0/0 (14)
   3   'единичный корень': 4/3/4/0/0 (11)
   4   'единый цена': 6/3/1/0/0 (10)
   5   'момент время': 0/0/8/0/2 (10)
   6   'товар услуга': 10/0/0/0/0 (10)
   7   'закон единый': 6/2/1/0/0 (9)
   8   'получить результат': 0/0/6/0/0 (6)
   9   'общий уровень': 2/2/0/0/0 (4)
   10  'период год': 3/1/0/0/0 (4)
   11  'город сша': 2/0/0/0/0 (2)
17  'оценка потенциальный' 3/27/8/8/0 (46)
   1   'потенциальный ввп': 4/52/6/14/0 (76)
   2   'разрыв выпуск': 4/11/0/2/0 (17)
   3   'метод оценка': 0/8/4/4/0 (16)
   4   'фильтр ходрикапрескотта': 0/16/0/0/0 (16)
   5   'производственный функция': 0/10/0/2/0 (12)
   6   'точка зрение': 0/5/0/0/0 (5)
   7   'цена нефть': 0/1/0/4/0 (5)
   8   'экономический развитие': 0/1/0/4/0 (5)
   9   'оценка разрыв': 0/2/2/0/0 (4)
   10  'труд капитал': 2/2/0/0/0 (4)
   11  'уровень ввп': 0/4/0/0/0 (4)
   12  'многомерный фильтр': 0/0/2/0/0 (2)
   13  'получить результат': 0/2/0/0/0 (2)
   14  'структурный var': 0/0/2/0/0 (2)
   15  'темп рост': 0/2/0/0/0 (2)
   16  'фильтр калман': 0/0/2/0/0 (2)
18  'темп экономический' 19/11/4/3/7 (44)
   1   'экономический рост': 28/13/4/3/12 (60)
   2   'темп рост': 8/6/4/2/7 (27)
   3   'цена нефть': 4/0/1/4/8 (17)
   4   'производственный функция': 0/10/0/4/0 (14)
   5   'российский экономика': 8/0/1/0/5 (14)
   6   'момент время': 0/0/1/2/4 (7)
   7   'уровень цена': 0/0/1/2/4 (7)
   8   'потенциальный ввп': 0/2/0/4/0 (6)
   9   'уровень ввп': 0/0/1/1/2 (4)
   10  'государственный финансы': 3/0/0/0/0 (3)
   11  'развиваться экономика': 3/0/0/0/0 (3)
   12  'труд капитал': 2/0/1/0/0 (3)
   13  'экономический развитие': 0/2/0/0/0 (2)
   14  'товар услуга': 0/0/1/0/0 (1)
   15  'точка зрение': 0/0/1/0/0 (1)
   16  'условие торговля': 0/0/1/0/0 (1)
   17  'человеческий капитал': 0/1/0/0/0 (1)
19  'цена нефть' 5/1/4/9/25 (44)
   1   'уровень цена': 0/0/2/3/14 (19)
   2   'темп рост': 5/0/2/3/6 (16)
   3   'уровень ввп': 0/0/3/1/12 (16)
   4   'условие торговля': 3/0/3/0/6 (12)
   5   'экономический рост': 7/0/1/1/2 (11)
   6   'темп экономический': 6/0/1/1/2 (10)
   7   'потенциальный ввп': 0/1/0/6/0 (7)
   8   'момент время': 0/0/0/2/4 (6)
   9   'экономический развитие': 1/1/0/4/0 (6)
   10  'оценка потенциальный': 0/1/0/4/0 (5)
   11  'российский экономика': 4/0/0/0/0 (4)
   12  'период год': 0/0/1/0/2 (3)
   13  'труд капитал': 0/0/1/0/2 (3)
   14  'производственный функция': 0/0/0/2/0 (2)
   15  'разрыв выпуск': 0/0/0/2/0 (2)
   16  'точка зрение': 0/0/1/0/0 (1)
20  'фильтр калман' 0/22/18/2/0 (42)
   1   'разрыв выпуск': 0/22/14/0/0 (36)
   2   'многомерный фильтр': 0/14/14/0/0 (28)
   3   'оценка разрыв': 0/4/14/0/0 (18)
   4   'структурный var': 0/12/4/0/0 (16)
   5   'фильтр ходрикапрескотта': 0/12/4/0/0 (16)
   6   'производственный функция': 0/4/4/0/0 (8)
   7   'точка зрение': 0/4/4/0/0 (8)
   8   'метод оценка': 0/2/0/0/0 (2)
   9   'оценка потенциальный': 0/0/2/0/0 (2)
21  'товар услуга' 32/1/1/4/0 (38)
   1   'уровень цена': 41/0/0/0/0 (41)
   2   'единый цена': 20/0/0/1/0 (21)
   3   'закон единый': 20/0/0/1/0 (21)
   4   'город сша': 14/0/0/0/0 (14)
   5   'относительный цена': 12/0/0/0/0 (12)
   6   'временный ряд': 6/0/0/0/0 (6)
   7   'единичный корень': 6/0/0/0/0 (6)
   8   'общий уровень': 4/0/0/0/0 (4)
   9   'получить результат': 4/0/0/0/0 (4)
   10  'темп рост': 1/0/2/1/0 (4)
   11  'условие торговля': 2/1/0/0/0 (3)
   12  'экономический рост': 1/0/1/0/0 (2)
   13  'период год': 0/0/0/1/0 (1)
   14  'российский экономика': 0/0/1/0/0 (1)
   15  'темп экономический': 0/0/1/0/0 (1)
   16  'труд капитал': 0/0/1/0/0 (1)
   17  'экономический развитие': 1/0/0/0/0 (1)
22  'условие торговля' 21/3/8/0/6 (38)
   1   'цена нефть': 1/0/2/0/5 (8)
   2   'экономический рост': 5/0/3/0/0 (8)
   3   'экономический развитие': 6/0/0/0/0 (6)
   4   'товар услуга': 2/1/0/0/0 (3)
   5   'труд капитал': 0/0/1/0/2 (3)
   6   'относительный цена': 2/0/0/0/0 (2)
   7   'темп рост': 1/0/1/0/0 (2)
   8   'момент время': 1/0/0/0/0 (1)
   9   'темп экономический': 0/0/1/0/0 (1)
   10  'точка зрение': 0/0/1/0/0 (1)
   11  'уровень ввп': 0/0/1/0/0 (1)
   12  'уровень цена': 0/0/1/0/0 (1)
23  'federal government' 1/17/19/0/0 (37)
   1   'subnational government': 0/2/0/0/0 (2)
   2   'financial aid': 0/1/0/0/0 (1)
   3   'public goods': 0/1/0/0/0 (1)
   4   'see see': 0/0/1/0/0 (1)
   5   'subnational authority': 0/0/1/0/0 (1)
24  'financial aid' 23/14/0/0/0 (37)
   1   'subnational authority': 8/5/0/0/0 (13)
   2   'budget constraint': 6/3/0/0/0 (9)
   3   'public goods': 8/0/0/0/0 (8)
   4   'see see': 5/1/0/0/0 (6)
   5   'central government': 0/4/0/0/0 (4)
   6   'federal government': 0/3/0/0/0 (3)
   7   'soft budget': 2/1/0/0/0 (3)
   8   'subnational government': 0/2/0/0/0 (2)
   9   'provision public': 1/0/0/0/0 (1)
25  'оценка разрыв' 0/6/18/4/8 (36)
   1   'разрыв выпуск': 0/12/18/2/8 (40)
   2   'многомерный фильтр': 0/8/18/0/0 (26)
   3   'фильтр калман': 0/8/14/0/0 (22)
   4   'структурный var': 0/4/8/4/0 (16)
   5   'фильтр ходрикапрескотта': 0/2/8/0/0 (10)
   6   'потенциальный ввп': 0/6/0/0/2 (8)
   7   'оценка потенциальный': 0/4/2/0/0 (6)
   8   'производственный функция': 0/0/4/2/0 (6)
   9   'точка зрение': 0/2/4/0/0 (6)
   10  'темп рост': 0/2/0/0/2 (4)
   11  'период год': 0/0/0/0/2 (2)
26  'единичный корень' 28/3/4/0/0 (35)
   1   'уровень цена': 19/2/0/0/0 (21)
   2   'относительный цена': 14/4/0/0/0 (18)
   3   'город сша': 16/0/0/0/0 (16)
   4   'временный ряд': 4/2/9/0/0 (15)
   5   'товар услуга': 10/0/0/0/0 (10)
   6   'единый цена': 4/3/0/0/0 (7)
   7   'закон единый': 4/2/0/0/0 (6)
   8   'получить результат': 4/0/0/0/0 (4)
27  'точка зрение' 7/16/7/2/3 (35)
   1   'потенциальный ввп': 2/24/0/0/0 (26)
   2   'разрыв выпуск': 0/11/8/2/0 (21)
   3   'многомерный фильтр': 0/6/8/0/0 (14)
   4   'структурный var': 0/14/0/0/0 (14)
   5   'фильтр калман': 0/6/8/0/0 (14)
   6   'фильтр ходрикапрескотта': 0/9/4/0/0 (13)
   7   'оценка разрыв': 0/2/6/0/0 (8)
   8   'производственный функция': 0/4/4/0/0 (8)
   9   'экономический рост': 4/0/1/0/3 (8)
   10  'метод оценка': 0/4/0/2/0 (6)
   11  'оценка потенциальный': 0/5/0/0/0 (5)
   12  'бюджетный разрыв': 0/0/4/0/0 (4)
   13  'государственный финансы': 1/0/0/0/0 (1)
   14  'российский экономика': 0/0/0/0/1 (1)
   15  'темп рост': 0/0/1/0/0 (1)
   16  'темп экономический': 0/0/1/0/0 (1)
   17  'уровень ввп': 0/0/1/0/0 (1)
   18  'уровень цена': 0/0/1/0/0 (1)
   19  'условие торговля': 0/0/1/0/0 (1)
   20  'цена нефть': 0/0/1/0/0 (1)
28  'момент время' 4/8/12/2/8 (34)
   1   'budget constraint': 0/12/0/0/0 (12)
   2   'цена нефть': 0/0/0/4/8 (12)
   3   'темп рост': 0/0/2/2/4 (8)
   4   'уровень цена': 0/0/2/2/4 (8)
   5   'экономический рост': 1/0/3/1/2 (7)
   6   'темп экономический': 0/0/2/1/2 (5)
   7   'временный ряд': 0/0/2/0/2 (4)
   8   'разрыв выпуск': 0/4/0/0/0 (4)
   9   'уровень ввп': 0/0/0/1/2 (3)
   10  'условие торговля': 2/0/0/0/0 (2)
   11  'относительный цена': 1/0/0/0/0 (1)
   12  'экономический развитие': 1/0/0/0/0 (1)
29  'provision public' 23/9/1/0/0 (33)
   1   'public goods': 33/9/0/0/0 (42)
   2   'subnational authority': 3/5/0/0/0 (8)
   3   'budget constraint': 4/0/0/0/0 (4)
   4   'central government': 2/1/0/0/0 (3)
   5   'see see': 0/3/0/0/0 (3)
   6   'financial aid': 1/0/0/0/0 (1)
   7   'soft budget': 1/0/0/0/0 (1)
30  'человеческий капитал' 13/8/3/2/7 (33)
   1   'экономический рост': 0/5/3/0/10 (18)
   2   'темп рост': 4/6/0/0/3 (13)
   3   'период год': 0/5/0/0/0 (5)
   4   'получить результат': 0/4/0/0/0 (4)
   5   'труд капитал': 0/0/0/0/4 (4)
   6   'экономический развитие': 0/0/0/2/0 (2)
   7   'темп экономический': 0/1/0/0/0 (1)
31  'многомерный фильтр' 0/14/18/0/0 (32)
   1   'разрыв выпуск': 0/22/18/0/0 (40)
   2   'фильтр калман': 0/18/14/0/0 (32)
   3   'оценка разрыв': 0/4/18/0/0 (22)
   4   'структурный var': 0/12/8/0/0 (20)
   5   'фильтр ходрикапрескотта': 0/8/8/0/0 (16)
   6   'производственный функция': 0/4/4/0/0 (8)
   7   'точка зрение': 0/4/4/0/0 (8)
   8   'оценка потенциальный': 0/0/2/0/0 (2)
32  'относительный цена' 25/7/0/0/0 (32)
   1   'единичный корень': 22/3/0/0/0 (25)
   2   'уровень цена': 18/3/0/0/0 (21)
   3   'единый цена': 10/8/0/0/0 (18)
   4   'закон единый': 10/6/0/0/0 (16)
   5   'товар услуга': 12/0/0/0/0 (12)
   6   'город сша': 10/0/0/0/0 (10)
   7   'временный ряд': 6/2/0/0/0 (8)
   8   'общий уровень': 6/0/0/0/0 (6)
   9   'условие торговля': 4/0/0/0/0 (4)
   10  'период год': 0/2/0/0/0 (2)
   11  'получить результат': 2/0/0/0/0 (2)
   12  'экономический рост': 2/0/0/0/0 (2)
   13  'момент время': 1/0/0/0/0 (1)
   14  'экономический развитие': 1/0/0/0/0 (1)
33  'уровень ввп' 7/8/3/1/12 (31)
   1   'цена нефть': 0/0/2/4/20 (26)
   2   'уровень цена': 0/0/2/2/14 (18)
   3   'уровень безработица': 14/0/0/0/0 (14)
   4   'потенциальный ввп': 7/6/0/0/0 (13)
   5   'темп рост': 0/0/2/2/6 (10)
   6   'момент время': 0/0/0/2/4 (6)
   7   'темп экономический': 0/0/1/1/2 (4)
   8   'экономический рост': 0/0/1/1/2 (4)
   9   'период год': 0/0/1/0/2 (3)
   10  'оценка потенциальный': 0/2/0/0/0 (2)
   11  'получить результат': 0/2/0/0/0 (2)
   12  'производственный функция': 0/2/0/0/0 (2)
   13  'развиваться экономика': 0/2/0/0/0 (2)
   14  'фильтр ходрикапрескотта': 0/2/0/0/0 (2)
   15  'точка зрение': 0/0/1/0/0 (1)
   16  'условие торговля': 0/0/1/0/0 (1)
34  'экономический развитие' 19/6/0/6/0 (31)
   1   'условие торговля': 12/0/0/0/0 (12)
   2   'экономический рост': 8/2/0/0/0 (10)
   3   'потенциальный ввп': 0/1/0/6/0 (7)
   4   'цена нефть': 1/1/0/4/0 (6)
   5   'оценка потенциальный': 0/1/0/4/0 (5)
   6   'труд капитал': 3/0/0/0/0 (3)
   7   'производственный функция': 0/0/0/2/0 (2)
   8   'разрыв выпуск': 0/0/0/2/0 (2)
   9   'темп рост': 2/0/0/0/0 (2)
   10  'темп экономический': 0/2/0/0/0 (2)
   11  'товар услуга': 2/0/0/0/0 (2)
   12  'человеческий капитал': 0/0/0/2/0 (2)
   13  'момент время': 1/0/0/0/0 (1)
   14  'относительный цена': 1/0/0/0/0 (1)
35  'бюджетный разрыв' 2/4/10/7/7 (30)
   1   'государственный финансы': 0/0/0/2/1 (3)
   2   'точка зрение': 0/0/2/0/0 (2)
   3   'экономический рост': 0/0/2/0/0 (2)
   4   'российский экономика': 1/0/0/0/0 (1)
   5   'темп рост': 0/0/0/0/1 (1)
36  'структурный var' 0/18/8/4/0 (30)
   1   'разрыв выпуск': 0/18/4/2/0 (24)
   2   'многомерный фильтр': 0/10/8/0/0 (18)
   3   'фильтр калман': 0/14/4/0/0 (18)
   4   'фильтр ходрикапрескотта': 0/12/4/0/0 (16)
   5   'оценка разрыв': 0/2/8/4/0 (14)
   6   'производственный функция': 0/8/0/2/0 (10)
   7   'точка зрение': 0/8/0/0/0 (8)
   8   'оценка потенциальный': 0/0/2/0/0 (2)
37  'период год' 3/12/4/3/7 (29)
   1   'уровень цена': 3/8/1/0/4 (16)
   2   'единый цена': 0/11/0/0/0 (11)
   3   'темп рост': 0/5/1/1/4 (11)
   4   'закон единый': 0/10/0/0/0 (10)
   5   'общий уровень': 2/5/0/0/0 (7)
   6   'цена нефть': 0/0/1/0/6 (7)
   7   'уровень ввп': 0/0/2/0/4 (6)
   8   'получить результат': 0/4/0/0/1 (5)
   9   'человеческий капитал': 0/5/0/0/0 (5)
   10  'временный ряд': 3/1/0/0/0 (4)
   11  'оценка разрыв': 0/0/0/0/4 (4)
   12  'экономический рост': 0/4/0/0/0 (4)
   13  'относительный цена': 0/3/0/0/0 (3)
   14  'разрыв выпуск': 0/0/0/0/2 (2)
   15  'российский экономика': 0/0/0/2/0 (2)
   16  'фильтр ходрикапрескотта': 0/0/2/0/0 (2)
   17  'товар услуга': 0/0/0/1/0 (1)
38  'government expenditure' 1/0/6/21/0 (28)
   1   'detail see': 0/0/0/3/0 (3)
39  'город сша' 28/0/0/0/0 (28)
   1   'уровень цена': 41/0/0/0/0 (41)
   2   'единичный корень': 24/0/0/0/0 (24)
   3   'товар услуга': 12/0/0/0/0 (12)
   4   'единый цена': 9/0/0/0/0 (9)
   5   'закон единый': 9/0/0/0/0 (9)
   6   'относительный цена': 8/0/0/0/0 (8)
   7   'получить результат': 5/0/0/0/0 (5)
   8   'временный ряд': 2/0/0/0/0 (2)
   9   'общий уровень': 2/0/0/0/0 (2)
40  'общий уровень' 22/6/0/0/0 (28)
   1   'уровень цена': 30/7/0/0/0 (37)
   2   'единый цена': 4/5/0/0/0 (9)
   3   'закон единый': 4/5/0/0/0 (9)
   4   'относительный цена': 4/0/0/0/0 (4)
   5   'период год': 1/3/0/0/0 (4)
   6   'темп рост': 4/0/0/0/0 (4)
   7   'товар услуга': 4/0/0/0/0 (4)
   8   'временный ряд': 1/1/0/0/0 (2)
   9   'город сша': 2/0/0/0/0 (2)
   10  'получить результат': 2/0/0/0/0 (2)
41  'получить результат' 12/6/8/0/1 (27)
   1   'уровень цена': 25/0/0/0/0 (25)
   2   'единый цена': 7/0/0/0/0 (7)
   3   'закон единый': 7/0/0/0/0 (7)
   4   'временный ряд': 0/0/6/0/0 (6)
   5   'город сша': 6/0/0/0/0 (6)
   6   'потенциальный ввп': 0/6/0/0/0 (6)
   7   'период год': 0/4/0/0/1 (5)
   8   'единичный корень': 4/0/0/0/0 (4)
   9   'темп рост': 0/4/0/0/0 (4)
   10  'товар услуга': 4/0/0/0/0 (4)
   11  'уровень ввп': 0/4/0/0/0 (4)
   12  'человеческий капитал': 0/4/0/0/0 (4)
   13  'экономический рост': 0/4/0/0/0 (4)
   14  'общий уровень': 2/0/0/0/0 (2)
   15  'относительный цена': 2/0/0/0/0 (2)
   16  'оценка потенциальный': 0/2/0/0/0 (2)
   17  'производственный функция': 0/2/0/0/0 (2)
   18  'фильтр ходрикапрескотта': 0/2/0/0/0 (2)
42  'российский экономика' 10/0/3/2/12 (27)
   1   'экономический рост': 12/0/1/0/11 (24)
   2   'темп экономический': 11/0/1/0/5 (17)
   3   'темп рост': 6/0/2/0/6 (14)
   4   'цена нефть': 4/0/0/0/0 (4)
   5   'бюджетный разрыв': 1/0/0/0/0 (1)
   6   'период год': 0/0/0/1/0 (1)
   7   'товар услуга': 0/0/1/0/0 (1)
   8   'точка зрение': 0/0/0/0/1 (1)
   9   'труд капитал': 0/0/1/0/0 (1)
43  'государственный финансы' 18/4/0/3/1 (26)
   1   'развиваться экономика': 9/0/0/0/0 (9)
   2   'экономический рост': 7/0/0/0/0 (7)
   3   'бюджетный разрыв': 0/0/0/2/1 (3)
   4   'темп экономический': 3/0/0/0/0 (3)
   5   'точка зрение': 1/0/0/0/0 (1)
44  'развиваться экономика' 19/3/2/2/0 (26)
   1   'государственный финансы': 14/0/0/0/0 (14)
   2   'экономический рост': 8/0/0/0/0 (8)
   3   'уровень ввп': 0/4/0/0/0 (4)
   4   'темп экономический': 3/0/0/0/0 (3)
45  'central government' 6/13/5/1/0 (25)
   1   'public goods': 7/2/0/0/0 (9)
   2   'financial aid': 0/6/0/0/0 (6)
   3   'subnational authority': 0/6/0/0/0 (6)
   4   'provision public': 3/2/0/0/0 (5)
   5   'see see': 0/2/3/0/0 (5)
   6   'detail see': 0/4/0/0/0 (4)
   7   'subnational government': 0/2/0/0/0 (2)
   8   'budget constraint': 0/1/0/0/0 (1)
   9   'soft budget': 0/1/0/0/0 (1)
46  'soft budget' 14/10/0/0/0 (24)
   1   'budget constraint': 16/5/0/0/0 (21)
   2   'subnational authority': 5/14/0/0/0 (19)
   3   'see see': 1/6/0/0/0 (7)
   4   'financial aid': 3/1/0/0/0 (4)
   5   'central government': 0/1/0/0/0 (1)
   6   'provision public': 1/0/0/0/0 (1)
   7   'public goods': 1/0/0/0/0 (1)
47  'subnational government' 0/24/0/0/0 (24)
   1   'financial aid': 0/6/0/0/0 (6)
   2   'central government': 0/4/0/0/0 (4)
   3   'federal government': 0/2/0/0/0 (2)
   4   'public goods': 0/2/0/0/0 (2)
   5   'see see': 0/2/0/0/0 (2)
   6   'budget constraint': 0/1/0/0/0 (1)
48  'метод оценка' 1/10/5/8/0 (24)
   1   'потенциальный ввп': 0/20/6/8/0 (34)
   2   'оценка потенциальный': 0/8/6/4/0 (18)
   3   'фильтр ходрикапрескотта': 0/8/0/0/0 (8)
   4   'разрыв выпуск': 0/4/0/2/0 (6)
   5   'точка зрение': 0/4/0/2/0 (6)
   6   'экономический рост': 0/0/1/2/0 (3)
   7   'фильтр калман': 0/2/0/0/0 (2)
49  'труд капитал' 9/4/3/2/6 (24)
   1   'экономический рост': 8/0/1/0/7 (16)
   2   'потенциальный ввп': 3/12/0/0/0 (15)
   3   'производственный функция': 1/8/0/0/0 (9)
   4   'разрыв выпуск': 3/4/0/0/0 (7)
   5   'темп рост': 2/0/2/0/3 (7)
   6   'условие торговля': 0/0/2/0/4 (6)
   7   'экономический развитие': 5/0/0/0/0 (5)
   8   'оценка потенциальный': 2/2/0/0/0 (4)
   9   'человеческий капитал': 0/0/0/0/4 (4)
   10  'темп экономический': 2/0/1/0/0 (3)
   11  'цена нефть': 0/0/1/0/2 (3)
   12  'российский экономика': 0/0/1/0/0 (1)
   13  'товар услуга': 0/0/1/0/0 (1)
50  'уровень безработица' 24/0/0/0/0 (24)
   1   'потенциальный ввп': 7/0/0/0/0 (7)
   2   'уровень ввп': 7/0/0/0/0 (7)

Кросс-распределение «фразы» - «со-цитирования»
1   'экономический рост' 35/9/4/0/0 (48)
   1   'Rogoff': 3/0/0/0/0 (3)
   2   'Baum': 2/0/0/0/0 (2)
   3   'Cecchetti': 2/0/0/0/0 (2)
   4   'Checherita-Westphal': 2/0/0/0/0 (2)
   5   'Kumar': 2/0/0/0/0 (2)
   6   'Mohanty': 2/0/0/0/0 (2)
   7   'Reinhart': 2/0/0/0/0 (2)
   8   'Rother': 2/0/0/0/0 (2)
   9   'Woo': 2/0/0/0/0 (2)
   10  'Zampolli': 2/0/0/0/0 (2)
   11  'Acemoglu': 1/0/0/0/0 (1)
   12  'Alesina': 0/1/0/0/0 (1)
   13  'Alfaro': 1/0/0/0/0 (1)
   14  'Barro': 0/0/1/0/0 (1)
   15  'Bartolini': 0/1/0/0/0 (1)
   16  'Bleaney': 0/1/0/0/0 (1)
   17  'Drazen': 0/1/0/0/0 (1)
   18  'Futagami': 0/0/1/0/0 (1)
   19  'Gertler': 1/0/0/0/0 (1)
   20  'Greenaway': 0/1/0/0/0 (1)
   21  'Grilli': 0/1/0/0/0 (1)
   22  'Johnson': 1/0/0/0/0 (1)
   23  'Kalemli-Ozcan': 1/0/0/0/0 (1)
   24  'Klein': 1/0/0/0/0 (1)
   25  'Levine': 1/0/0/0/0 (1)
   26  'Mauro': 1/0/0/0/0 (1)
   27  'Mendoza': 0/1/0/0/0 (1)
   28  'Milesi-Ferrett': 0/1/0/0/0 (1)
   29  'Milesi-Ferretti': 0/1/0/0/0 (1)
   30  'Morita': 0/0/1/0/0 (1)
   31  'Olivei': 1/0/0/0/0 (1)
   32  'Robinson': 1/0/0/0/0 (1)
   33  'Shibata': 0/0/1/0/0 (1)
   34  'Tornell': 1/0/0/0/0 (1)
   35  'Velasco': 1/0/0/0/0 (1)
   36  'Volosovych': 1/0/0/0/0 (1)
   37  'Zervos': 1/0/0/0/0 (1)
2   'потенциальный ввп' 4/0/0/0/0 (4)
   1   'Ball': 1/0/0/0/0 (1)
   2   'Friedman': 1/0/0/0/0 (1)
   3   'Mankiw': 1/0/0/0/0 (1)
   4   'Phelps': 1/0/0/0/0 (1)
3   'уровень цена' 0/0/0/0/0 (0)
4   'разрыв выпуск' 0/0/0/0/0 (0)
5   'темп рост' 3/0/8/4/0 (15)
   1   'Barro': 0/0/1/0/0 (1)
   2   'Bernstein': 1/0/0/0/0 (1)
   3   'Bleaney': 1/0/0/0/0 (1)
   4   'Calvo': 0/0/1/0/0 (1)
   5   'Futagami': 0/0/1/0/0 (1)
   6   'Greenaway': 1/0/0/0/0 (1)
   7   'Izquierdo': 0/0/1/0/0 (1)
   8   'Mejia': 0/0/1/0/0 (1)
   9   'Morita': 0/0/1/0/0 (1)
   10  'Reinhart': 0/0/1/0/0 (1)
   11  'Shibata': 0/0/1/0/0 (1)
   12  'Идрисов': 0/0/0/1/0 (1)
   13  'Каукин': 0/0/0/1/0 (1)
   14  'Пономарев': 0/0/0/1/0 (1)
   15  'Трунин': 0/0/0/1/0 (1)
6   'public goods' 0/2/0/0/0 (2)
   1   'Musgrave': 0/1/0/0/0 (1)
   2   'Oates': 0/1/0/0/0 (1)
7   'производственный функция' 0/0/0/0/0 (0)
8   'subnational authority' 0/15/0/0/0 (15)
   1   'Ladd': 0/2/0/0/0 (2)
   2   'Ames': 0/1/0/0/0 (1)
   3   'Arnold': 0/1/0/0/0 (1)
   4   'Fitts': 0/1/0/0/0 (1)
   5   'Inman': 0/1/0/0/0 (1)
   6   'Kolstad': 0/1/0/0/0 (1)
   7   'Musgrave': 0/1/0/0/0 (1)
   8   'Oates': 0/1/0/0/0 (1)
   9   'Oliviera': 0/1/0/0/0 (1)
   10  'Rodden': 0/1/0/0/0 (1)
   11  'Stewart': 0/1/0/0/0 (1)
   12  'Tiebout': 0/1/0/0/0 (1)
   13  'Wildasin': 0/1/0/0/0 (1)
   14  'Wolak': 0/1/0/0/0 (1)
9   'budget constraint' 0/3/0/0/0 (3)
   1   'Bird': 0/1/0/0/0 (1)
   2   'Chen': 0/1/0/0/0 (1)
   3   'Slack': 0/1/0/0/0 (1)
10  'единый цена' 0/0/0/2/0 (2)
   1   'Knetter': 0/0/0/1/0 (1)
   2   'Идрисов': 0/0/0/1/0 (1)
11  'see see' 0/20/13/0/0 (33)
   1   'Ladd': 0/2/0/0/0 (2)
   2   'Arkhipov': 0/0/1/0/0 (1)
   3   'Arnold': 0/1/0/0/0 (1)
   4   'Batkibekov': 0/0/1/0/0 (1)
   5   'Bird': 0/1/0/0/0 (1)
   6   'Chen': 0/1/0/0/0 (1)
   7   'Drobyshevsky': 0/0/1/0/0 (1)
   8   'Entov': 0/1/0/0/0 (1)
   9   'Fitts': 0/1/0/0/0 (1)
   10  'Helpman': 0/1/0/0/0 (1)
   11  'IMF': 0/0/1/0/0 (1)
   12  'Inman': 0/1/0/0/0 (1)
   13  'Islam': 0/0/1/0/0 (1)
   14  'Kadochnikov': 0/0/1/0/0 (1)
   15  'Kolstad': 0/1/0/0/0 (1)
   16  'Malinina': 0/0/1/0/0 (1)
   17  'Mankiw': 0/0/1/0/0 (1)
   18  'Mezheraups': 0/1/0/0/0 (1)
   19  'Musgrave': 0/1/0/0/0 (1)
   20  'Oates': 0/1/0/0/0 (1)
   21  'Radygin': 0/1/0/0/0 (1)
   22  'Romer': 0/0/1/0/0 (1)
   23  'Shvetsov': 0/1/0/0/0 (1)
   24  'Sinelnikov-Murylev': 0/0/1/0/0 (1)
   25  'Slack': 0/1/0/0/0 (1)
   26  'Stewart': 0/1/0/0/0 (1)
   27  'Tiebout': 0/1/0/0/0 (1)
   28  'Trunin': 0/0/1/0/0 (1)
   29  'Weil': 0/0/1/0/0 (1)
   30  'Wildasin': 0/1/0/0/0 (1)
   31  'Wolak': 0/1/0/0/0 (1)
   32  'Young': 0/0/1/0/0 (1)
12  'закон единый' 0/0/0/2/0 (2)
   1   'Knetter': 0/0/0/1/0 (1)
   2   'Идрисов': 0/0/0/1/0 (1)
13  'фильтр ходрикапрескотта' 0/0/0/0/0 (0)
14  'economic growth' 0/13/24/4/0 (41)
   1   'Drobyshevsky': 0/0/1/1/0 (2)
   2   'Helpman': 0/1/1/0/0 (2)
   3   'IMF': 0/1/1/0/0 (2)
   4   'Sinelnikov-Murylev': 0/0/1/1/0 (2)
   5   'Alesina': 0/0/1/0/0 (1)
   6   'Ardagna': 0/0/1/0/0 (1)
   7   'Arkhipov': 0/0/1/0/0 (1)
   8   'Aschauer': 0/0/1/0/0 (1)
   9   'Bank': 0/1/0/0/0 (1)
   10  'Barro': 0/0/1/0/0 (1)
   11  'Batkibekov': 0/0/1/0/0 (1)
   12  'Entov': 0/1/0/0/0 (1)
   13  'Feldstein': 0/0/1/0/0 (1)
   14  'Islam': 0/0/1/0/0 (1)
   15  'Kadochnikov': 0/0/1/0/0 (1)
   16  'King': 0/1/0/0/0 (1)
   17  'Knobel': 0/0/0/1/0 (1)
   18  'Kydland': 0/1/0/0/0 (1)
   19  'Malinina': 0/0/1/0/0 (1)
   20  'Mankiw': 0/0/1/0/0 (1)
   21  'Mezheraups': 0/1/0/0/0 (1)
   22  'Perotti': 0/0/1/0/0 (1)
   23  'Plosser': 0/1/0/0/0 (1)
   24  'Prescott': 0/1/0/0/0 (1)
   25  'Radygin': 0/1/0/0/0 (1)
   26  'Rebelo': 0/1/0/0/0 (1)
   27  'Romer': 0/0/1/0/0 (1)
   28  'Schiantarelli': 0/0/1/0/0 (1)
   29  'Shvetsov': 0/1/0/0/0 (1)
   30  'Sokolov': 0/0/0/1/0 (1)
   31  'Solow': 0/0/1/0/0 (1)
   32  'Tanzi': 0/0/1/0/0 (1)
   33  'Trunin': 0/0/1/0/0 (1)
   34  'Weil': 0/0/1/0/0 (1)
   35  'World': 0/1/0/0/0 (1)
   36  'Young': 0/0/1/0/0 (1)
   37  'Zee': 0/0/1/0/0 (1)
15  'detail see' 5/17/7/0/0 (29)
   1   'IMF': 1/0/1/0/0 (2)
   2   'Aiyar': 0/1/0/0/0 (1)
   3   'Auty': 0/1/0/0/0 (1)
   4   'Bank': 0/0/1/0/0 (1)
   5   'Blanchard': 0/1/0/0/0 (1)
   6   'Blankenau': 1/0/0/0/0 (1)
   7   'Commission': 1/0/0/0/0 (1)
   8   'Duval': 0/1/0/0/0 (1)
   9   'European': 1/0/0/0/0 (1)
   10  'Griffith': 0/1/0/0/0 (1)
   11  'Gylfason': 0/1/0/0/0 (1)
   12  'Helpman': 0/0/1/0/0 (1)
   13  'Mehlum': 0/1/0/0/0 (1)
   14  'Moene': 0/1/0/0/0 (1)
   15  'Monacelli': 0/1/0/0/0 (1)
   16  'Perotti': 0/1/0/0/0 (1)
   17  'Puy': 0/1/0/0/0 (1)
   18  'Sachs': 0/1/0/0/0 (1)
   19  'Simpson': 1/0/0/0/0 (1)
   20  'Solow': 0/0/1/0/0 (1)
   21  'Tanzi': 0/0/1/0/0 (1)
   22  'Torvik': 0/1/0/0/0 (1)
   23  'Treisman': 0/1/0/0/0 (1)
   24  'Warner': 0/1/0/0/0 (1)
   25  'World': 0/0/1/0/0 (1)
   26  'Wu': 0/1/0/0/0 (1)
   27  'Zee': 0/0/1/0/0 (1)
   28  'Zhang': 0/1/0/0/0 (1)
16  'временный ряд' 0/0/0/0/0 (0)
17  'оценка потенциальный' 0/0/0/0/0 (0)
18  'темп экономический' 20/9/0/0/0 (29)
   1   'Baum': 2/0/0/0/0 (2)
   2   'Cecchetti': 2/0/0/0/0 (2)
   3   'Checherita-Westphal': 2/0/0/0/0 (2)
   4   'Kumar': 2/0/0/0/0 (2)
   5   'Mohanty': 2/0/0/0/0 (2)
   6   'Reinhart': 2/0/0/0/0 (2)
   7   'Rogoff': 2/0/0/0/0 (2)
   8   'Rother': 2/0/0/0/0 (2)
   9   'Woo': 2/0/0/0/0 (2)
   10  'Zampolli': 2/0/0/0/0 (2)
   11  'Alesina': 0/1/0/0/0 (1)
   12  'Bartolini': 0/1/0/0/0 (1)
   13  'Bleaney': 0/1/0/0/0 (1)
   14  'Drazen': 0/1/0/0/0 (1)
   15  'Greenaway': 0/1/0/0/0 (1)
   16  'Grilli': 0/1/0/0/0 (1)
   17  'Mendoza': 0/1/0/0/0 (1)
   18  'Milesi-Ferrett': 0/1/0/0/0 (1)
   19  'Milesi-Ferretti': 0/1/0/0/0 (1)
19  'цена нефть' 0/0/0/0/0 (0)
20  'фильтр калман' 0/0/0/0/0 (0)
21  'товар услуга' 2/0/0/6/0 (8)
   1   'Идрисов': 0/0/0/2/0 (2)
   2   'Knetter': 0/0/0/1/0 (1)
   3   'Markusen': 1/0/0/0/0 (1)
   4   'Mundell': 1/0/0/0/0 (1)
   5   'Каукин': 0/0/0/1/0 (1)
   6   'Пономарев': 0/0/0/1/0 (1)
   7   'Трунин': 0/0/0/1/0 (1)
22  'условие торговля' 2/0/0/0/0 (2)
   1   'Markusen': 1/0/0/0/0 (1)
   2   'Mundell': 1/0/0/0/0 (1)
23  'federal government' 0/0/0/0/0 (0)
24  'financial aid' 0/2/0/0/0 (2)
   1   'Oates': 0/1/0/0/0 (1)
   2   'Tiebout': 0/1/0/0/0 (1)
25  'оценка разрыв' 0/0/0/0/0 (0)
26  'единичный корень' 0/0/0/0/0 (0)
27  'точка зрение' 0/0/12/0/0 (12)
   1   'Auerbach': 0/0/2/0/0 (2)
   2   'Gale': 0/0/2/0/0 (2)
   3   'Hoeller': 0/0/2/0/0 (2)
   4   'Merola': 0/0/2/0/0 (2)
   5   'Orszag': 0/0/2/0/0 (2)
   6   'Sutherland': 0/0/2/0/0 (2)
28  'момент время' 0/0/4/0/0 (4)
   1   'Barro': 0/0/1/0/0 (1)
   2   'Futagami': 0/0/1/0/0 (1)
   3   'Morita': 0/0/1/0/0 (1)
   4   'Shibata': 0/0/1/0/0 (1)
29  'provision public' 0/2/0/0/0 (2)
   1   'Musgrave': 0/1/0/0/0 (1)
   2   'Oates': 0/1/0/0/0 (1)
30  'человеческий капитал' 4/0/0/0/0 (4)
   1   'Идрисов': 2/0/0/0/0 (2)
   2   'Синельников-Мурылев': 2/0/0/0/0 (2)
31  'многомерный фильтр' 0/0/0/0/0 (0)
32  'относительный цена' 0/0/0/0/0 (0)
33  'уровень ввп' 4/0/0/0/0 (4)
   1   'Ball': 1/0/0/0/0 (1)
   2   'Friedman': 1/0/0/0/0 (1)
   3   'Mankiw': 1/0/0/0/0 (1)
   4   'Phelps': 1/0/0/0/0 (1)
34  'экономический развитие' 17/9/0/0/0 (26)
   1   'Bleaney': 1/1/0/0/0 (2)
   2   'Greenaway': 1/1/0/0/0 (2)
   3   'Acemoglu': 1/0/0/0/0 (1)
   4   'Alesina': 0/1/0/0/0 (1)
   5   'Arteta': 1/0/0/0/0 (1)
   6   'Bartolini': 0/1/0/0/0 (1)
   7   'Bernstein': 1/0/0/0/0 (1)
   8   'Chanda': 1/0/0/0/0 (1)
   9   'Chinn': 1/0/0/0/0 (1)
   10  'Drazen': 0/1/0/0/0 (1)
   11  'Edwards': 1/0/0/0/0 (1)
   12  'Eichengreen': 1/0/0/0/0 (1)
   13  'Grilli': 0/1/0/0/0 (1)
   14  'Ito': 1/0/0/0/0 (1)
   15  'Johnson': 1/0/0/0/0 (1)
   16  'Kraay': 1/0/0/0/0 (1)
   17  'Markusen': 1/0/0/0/0 (1)
   18  'Mauro': 1/0/0/0/0 (1)
   19  'Mendoza': 0/1/0/0/0 (1)
   20  'Milesi-Ferrett': 0/1/0/0/0 (1)
   21  'Milesi-Ferretti': 0/1/0/0/0 (1)
   22  'Mundell': 1/0/0/0/0 (1)
   23  'Robinson': 1/0/0/0/0 (1)
   24  'Wyplosz': 1/0/0/0/0 (1)
35  'бюджетный разрыв' 2/11/18/18/0 (49)
   1   'Auerbach': 0/1/4/0/0 (5)
   2   'Gale': 0/1/4/0/0 (5)
   3   'Orszag': 0/1/4/0/0 (5)
   4   'Hoeller': 0/0/2/0/0 (2)
   5   'Merola': 0/0/2/0/0 (2)
   6   'Sutherland': 0/0/2/0/0 (2)
   7   'Burns': 0/1/0/0/0 (1)
   8   'Evans': 0/1/0/0/0 (1)
   9   'Gokhale': 0/1/0/0/0 (1)
   10  'Green': 0/1/0/0/0 (1)
   11  'IMF': 1/0/0/0/0 (1)
   12  'Kotlikoff': 0/1/0/0/0 (1)
   13  'Mehlum': 0/0/0/1/0 (1)
   14  'Moene': 0/0/0/1/0 (1)
   15  'OECD': 1/0/0/0/0 (1)
   16  'Phillips': 0/1/0/0/0 (1)
   17  'Raffelhuschen': 0/1/0/0/0 (1)
   18  'Robinson': 0/0/0/1/0 (1)
   19  'Ross': 0/0/0/1/0 (1)
   20  'Smetters': 0/1/0/0/0 (1)
   21  'Torvik': 0/0/0/1/0 (1)
   22  'Verdier': 0/0/0/1/0 (1)
   23  'Волчкова': 0/0/0/1/0 (1)
   24  'Гуриев': 0/0/0/1/0 (1)
   25  'Егоров': 0/0/0/1/0 (1)
   26  'Идрисов': 0/0/0/1/0 (1)
   27  'Казакова': 0/0/0/1/0 (1)
   28  'Кнобель': 0/0/0/1/0 (1)
   29  'Полбин': 0/0/0/1/0 (1)
   30  'Полтерович': 0/0/0/1/0 (1)
   31  'Попов': 0/0/0/1/0 (1)
   32  'Сонин': 0/0/0/1/0 (1)
   33  'Суслова': 0/0/0/1/0 (1)
   34  'Тонис': 0/0/0/1/0 (1)
36  'структурный var' 0/0/0/0/0 (0)
37  'период год' 0/0/0/4/0 (4)
   1   'Идрисов': 0/0/0/1/0 (1)
   2   'Каукин': 0/0/0/1/0 (1)
   3   'Пономарев': 0/0/0/1/0 (1)
   4   'Трунин': 0/0/0/1/0 (1)
38  'government expenditure' 0/0/0/14/0 (14)
   1   'Blanchard': 0/0/0/1/0 (1)
   2   'Hicks': 0/0/0/1/0 (1)
   3   'Keynes': 0/0/0/1/0 (1)
   4   'King': 0/0/0/1/0 (1)
   5   'Klein': 0/0/0/1/0 (1)
   6   'Kydland': 0/0/0/1/0 (1)
   7   'Lucas': 0/0/0/1/0 (1)
   8   'Monacelli': 0/0/0/1/0 (1)
   9   'Perotti': 0/0/0/1/0 (1)
   10  'Plosser': 0/0/0/1/0 (1)
   11  'Prescott': 0/0/0/1/0 (1)
   12  'Rebelo': 0/0/0/1/0 (1)
   13  'Samuelson': 0/0/0/1/0 (1)
   14  'Sargent': 0/0/0/1/0 (1)
39  'город сша' 0/0/0/0/0 (0)
40  'общий уровень' 0/0/0/0/0 (0)
41  'получить результат' 0/0/0/0/0 (0)
42  'российский экономика' 2/0/0/0/0 (2)
   1   'IMF': 1/0/0/0/0 (1)
   2   'OECD': 1/0/0/0/0 (1)
43  'государственный финансы' 16/12/0/0/0 (28)
   1   'Baum': 2/0/0/0/0 (2)
   2   'Burnside': 0/2/0/0/0 (2)
   3   'Cecchetti': 2/0/0/0/0 (2)
   4   'Celasun': 0/2/0/0/0 (2)
   5   'Checherita-Westphal': 2/0/0/0/0 (2)
   6   'Debrun': 0/2/0/0/0 (2)
   7   'Mohanty': 2/0/0/0/0 (2)
   8   'Ostry': 0/2/0/0/0 (2)
   9   'Rother': 2/0/0/0/0 (2)
   10  'Samake': 0/2/0/0/0 (2)
   11  'Tanner': 0/2/0/0/0 (2)
   12  'Zampolli': 2/0/0/0/0 (2)
   13  'Kumar': 1/0/0/0/0 (1)
   14  'Reinhart': 1/0/0/0/0 (1)
   15  'Rogoff': 1/0/0/0/0 (1)
   16  'Woo': 1/0/0/0/0 (1)
44  'развиваться экономика' 16/2/0/0/0 (18)
   1   'Baum': 2/0/0/0/0 (2)
   2   'Cecchetti': 2/0/0/0/0 (2)
   3   'Checherita-Westphal': 2/0/0/0/0 (2)
   4   'Mohanty': 2/0/0/0/0 (2)
   5   'Rother': 2/0/0/0/0 (2)
   6   'Zampolli': 2/0/0/0/0 (2)
   7   'Abdelal': 0/1/0/0/0 (1)
   8   'Bordo': 0/1/0/0/0 (1)
   9   'Kumar': 1/0/0/0/0 (1)
   10  'Reinhart': 1/0/0/0/0 (1)
   11  'Rogoff': 1/0/0/0/0 (1)
   12  'Woo': 1/0/0/0/0 (1)
45  'central government' 0/5/0/0/0 (5)
   1   'Ames': 0/1/0/0/0 (1)
   2   'Musgrave': 0/1/0/0/0 (1)
   3   'Oates': 0/1/0/0/0 (1)
   4   'Oliviera': 0/1/0/0/0 (1)
   5   'Rodden': 0/1/0/0/0 (1)
46  'soft budget' 0/5/0/0/0 (5)
   1   'Ladd': 0/2/0/0/0 (2)
   2   'Kolstad': 0/1/0/0/0 (1)
   3   'Wildasin': 0/1/0/0/0 (1)
   4   'Wolak': 0/1/0/0/0 (1)
47  'subnational government' 0/0/0/0/0 (0)
48  'метод оценка' 6/0/0/0/0 (6)
   1   'Clements': 1/0/0/0/0 (1)
   2   'Coady': 1/0/0/0/0 (1)
   3   'Gupta': 1/0/0/0/0 (1)
   4   'IMF': 1/0/0/0/0 (1)
   5   'Maisonneuve': 1/0/0/0/0 (1)
   6   'Martins': 1/0/0/0/0 (1)
49  'труд капитал' 4/0/0/0/0 (4)
   1   'Acemoglu': 1/0/0/0/0 (1)
   2   'Johnson': 1/0/0/0/0 (1)
   3   'Mauro': 1/0/0/0/0 (1)
   4   'Robinson': 1/0/0/0/0 (1)
50  'уровень безработица' 4/0/0/0/0 (4)
   1   'Ball': 1/0/0/0/0 (1)
   2   'Friedman': 1/0/0/0/0 (1)
   3   'Mankiw': 1/0/0/0/0 (1)
   4   'Phelps': 1/0/0/0/0 (1)

Кросс-распределение «фразы» - «топики контекстов цитирований»
1  'экономический рост' 82/39/28/11/24 (184)
   1  'рост, показатель, капитал, экономический, уровень': 18/3/6/1/10 (38)
   2  'капитал, рост, страна, год, товар': 9/4/5/4/2 (24)
   3  'фильтр, оценка, ввп, рост, потенциальный': 3/12/4/4/0 (23)
   4  'уровень, цена, экономический, товар, экономика': 12/0/3/0/5 (20)
   5  'цикл, see, модель, являться, работа': 2/10/0/0/3 (15)
   6  'government, expenditure, рост, fiscal, капитал': 10/4/0/0/0 (14)
   7  'expenditure, see, рост, government, federal': 1/6/1/0/3 (11)
   8  'цена, уровень, товар, единый, закон': 5/0/2/2/0 (9)
   9  'see, оценка, subnational, разрыв, authority': 8/0/0/0/0 (8)
   10 'уровень, цена, see, выпуск, authority': 7/0/0/0/0 (7)
   11 'бюджетный, государственный, бюджет, расход, рост': 3/0/3/0/0 (6)
   12 'public, government, expenditure, region, goods': 0/0/2/0/1 (3)
   13 'использовать, потенциальный, ввп, компонент, оценка': 1/0/2/0/0 (3)
   14 'работа, налоговый, налогообложение, данный, теория': 2/0/0/0/0 (2)
   15 'see, работа, доход, результат, subnational': 1/0/0/0/0 (1)
2  'потенциальный ввп' 18/36/4/22/2 (82)
   1  'использовать, потенциальный, ввп, компонент, оценка': 1/10/2/6/0 (19)
   2  'фильтр, оценка, ввп, рост, потенциальный': 1/10/0/6/0 (17)
   3  'потенциальный, ввп, метод, ряд, цена': 5/6/0/4/0 (15)
   4  'бюджетный, оценка, страна, работа, expenditure': 0/7/2/0/0 (9)
   5  'уровень, цена, экономический, товар, экономика': 8/0/0/0/0 (8)
   6  'economic, growth, rate, tax, see': 0/0/0/4/0 (4)
   7  'public, government, expenditure, region, goods': 0/1/0/2/0 (3)
   8  'see, tax, federal, expenditure, government': 0/2/0/0/0 (2)
   9  'ввп, разрыв, структурный, see, объем': 0/0/0/0/2 (2)
   10 'цикл, see, модель, являться, работа': 2/0/0/0/0 (2)
   11 'see, оценка, subnational, разрыв, authority': 1/0/0/0/0 (1)
3  'уровень цена' 72/16/8/8/6 (110)
   1  'уровень, цена, экономический, товар, экономика': 32/3/2/2/0 (39)
   2  'цена, уровень, товар, единый, закон': 12/5/1/0/2 (20)
   3  'see, работа, доход, результат, subnational': 7/0/1/0/0 (8)
   4  'уровень, цена, see, выпуск, authority': 2/1/2/0/2 (7)
   5  'капитал, рост, страна, год, товар': 4/0/0/2/0 (6)
   6  'government, expenditure, рост, fiscal, капитал': 4/0/0/1/0 (5)
   7  'цикл, see, модель, являться, работа': 3/2/0/0/0 (5)
   8  'работа, налоговый, налогообложение, данный, теория': 4/0/0/0/0 (4)
   9  'рост, показатель, капитал, экономический, уровень': 0/0/1/1/2 (4)
   10 'expenditure, see, рост, government, federal': 1/0/1/1/0 (3)
   11 'потенциальный, ввп, метод, ряд, цена': 0/3/0/0/0 (3)
   12 'фильтр, оценка, ввп, рост, потенциальный': 3/0/0/0/0 (3)
   13 'бюджетный, оценка, страна, работа, expenditure': 0/2/0/0/0 (2)
   14 'бюджетный, государственный, бюджет, расход, рост': 0/0/0/1/0 (1)
4  'разрыв выпуск' 7/33/14/8/6 (68)
   1  'фильтр, оценка, ввп, рост, потенциальный': 1/11/8/6/0 (26)
   2  'see, оценка, subnational, разрыв, authority': 1/2/4/2/0 (9)
   3  'see, работа, доход, результат, subnational': 0/6/0/0/0 (6)
   4  'ввп, разрыв, структурный, see, объем': 0/0/2/0/4 (6)
   5  'использовать, потенциальный, ввп, компонент, оценка': 1/5/0/0/0 (6)
   6  'бюджетный, оценка, страна, работа, expenditure': 0/5/0/0/0 (5)
   7  'цена, уровень, товар, единый, закон': 0/4/0/0/0 (4)
   8  'потенциальный, ввп, метод, ряд, цена': 3/0/0/0/0 (3)
   9  'уровень, цена, see, выпуск, authority': 0/0/0/0/2 (2)
   10 'уровень, цена, экономический, товар, экономика': 1/0/0/0/0 (1)
5  'темп рост' 46/23/13/20/29 (131)
   1  'рост, показатель, капитал, экономический, уровень': 10/3/2/3/9 (27)
   2  'уровень, цена, экономический, товар, экономика': 10/1/1/3/4 (19)
   3  'капитал, рост, страна, год, товар': 3/3/4/3/3 (16)
   4  'фильтр, оценка, ввп, рост, потенциальный': 2/3/2/2/3 (12)
   5  'government, expenditure, рост, fiscal, капитал': 3/4/0/3/0 (10)
   6  'уровень, цена, see, выпуск, authority': 7/0/1/0/2 (10)
   7  'expenditure, see, рост, government, federal': 0/3/1/1/4 (9)
   8  'цикл, see, модель, являться, работа': 1/6/0/0/0 (7)
   9  'ввп, разрыв, структурный, see, объем': 0/0/0/2/2 (4)
   10 'бюджетный, оценка, страна, работа, expenditure': 2/0/0/0/1 (3)
   11 'использовать, потенциальный, ввп, компонент, оценка': 2/0/0/1/0 (3)
   12 'работа, налоговый, налогообложение, данный, теория': 3/0/0/0/0 (3)
   13 'see, работа, доход, результат, subnational': 2/0/0/0/0 (2)
   14 'бюджетный, государственный, бюджет, расход, рост': 0/0/1/1/0 (2)
   15 'цена, уровень, товар, единый, закон': 1/0/1/0/0 (2)
   16 'public, government, expenditure, region, goods': 0/0/0/0/1 (1)
   17 'потенциальный, ввп, метод, ряд, цена': 0/0/0/1/0 (1)
6  'public goods' 69/19/2/0/2 (92)
   1  'public, government, expenditure, region, goods': 30/6/1/0/1 (38)
   2  'see, оценка, subnational, разрыв, authority': 7/5/0/0/0 (12)
   3  'потенциальный, ввп, метод, ряд, цена': 7/0/0/0/0 (7)
   4  'see, работа, доход, результат, subnational': 1/5/0/0/0 (6)
   5  'ввп, разрыв, структурный, see, объем': 5/0/0/0/0 (5)
   6  'expenditure, see, рост, government, federal': 4/0/0/0/0 (4)
   7  'уровень, цена, see, выпуск, authority': 4/0/0/0/0 (4)
   8  'economic, growth, rate, tax, see': 2/1/0/0/0 (3)
   9  'see, tax, federal, expenditure, government': 3/0/0/0/0 (3)
   10 'цена, уровень, товар, единый, закон': 2/0/0/0/1 (3)
   11 'government, expenditure, рост, fiscal, капитал': 0/1/1/0/0 (2)
   12 'бюджетный, государственный, бюджет, расход, рост': 1/0/0/0/0 (1)
   13 'бюджетный, оценка, страна, работа, expenditure': 1/0/0/0/0 (1)
   14 'рост, показатель, капитал, экономический, уровень': 1/0/0/0/0 (1)
   15 'фильтр, оценка, ввп, рост, потенциальный': 0/1/0/0/0 (1)
   16 'цикл, see, модель, являться, работа': 1/0/0/0/0 (1)
7  'производственный функция' 12/37/8/25/0 (82)
   1  'фильтр, оценка, ввп, рост, потенциальный': 1/9/4/12/0 (26)
   2  'цикл, see, модель, являться, работа': 3/6/0/2/0 (11)
   3  'expenditure, see, рост, government, federal': 0/4/0/6/0 (10)
   4  'see, оценка, subnational, разрыв, authority': 2/0/2/2/0 (6)
   5  'использовать, потенциальный, ввп, компонент, оценка': 0/4/0/2/0 (6)
   6  'потенциальный, ввп, метод, ряд, цена': 0/6/0/0/0 (6)
   7  'government, expenditure, рост, fiscal, капитал': 5/0/0/0/0 (5)
   8  'see, работа, доход, результат, subnational': 0/4/0/0/0 (4)
   9  'ввп, разрыв, структурный, see, объем': 0/2/2/0/0 (4)
   10 'бюджетный, оценка, страна, работа, expenditure': 0/2/0/0/0 (2)
   11 'капитал, рост, страна, год, товар': 1/0/0/0/0 (1)
   12 'уровень, цена, экономический, товар, экономика': 0/0/0/1/0 (1)
8  'subnational authority' 16/56/13/0/0 (85)
   1  'see, оценка, subnational, разрыв, authority': 5/13/4/0/0 (22)
   2  'see, работа, доход, результат, subnational': 1/14/1/0/0 (16)
   3  'public, government, expenditure, region, goods': 3/7/4/0/0 (14)
   4  'see, tax, federal, expenditure, government': 2/7/0/0/0 (9)
   5  'уровень, цена, see, выпуск, authority': 1/5/2/0/0 (8)
   6  'цена, уровень, товар, единый, закон': 1/2/2/0/0 (5)
   7  'expenditure, see, рост, government, federal': 1/3/0/0/0 (4)
   8  'цикл, see, модель, являться, работа': 0/3/0/0/0 (3)
   9  'economic, growth, rate, tax, see': 1/1/0/0/0 (2)
   10 'government, expenditure, рост, fiscal, капитал': 0/1/0/0/0 (1)
   11 'ввп, разрыв, структурный, see, объем': 1/0/0/0/0 (1)
9  'budget constraint' 31/33/8/0/0 (72)
   1  'public, government, expenditure, region, goods': 9/4/3/0/0 (16)
   2  'see, оценка, subnational, разрыв, authority': 9/4/1/0/0 (14)
   3  'expenditure, see, рост, government, federal': 2/7/0/0/0 (9)
   4  'see, работа, доход, результат, subnational': 0/6/1/0/0 (7)
   5  'цена, уровень, товар, единый, закон': 5/1/1/0/0 (7)
   6  'бюджетный, государственный, бюджет, расход, рост': 0/4/0/0/0 (4)
   7  'уровень, цена, see, выпуск, authority': 1/0/2/0/0 (3)
   8  'цикл, see, модель, являться, работа': 1/2/0/0/0 (3)
   9  'government, expenditure, рост, fiscal, капитал': 2/0/0/0/0 (2)
   10 'бюджетный, оценка, страна, работа, expenditure': 1/1/0/0/0 (2)
   11 'ввп, разрыв, структурный, see, объем': 1/1/0/0/0 (2)
   12 'economic, growth, rate, tax, see': 0/1/0/0/0 (1)
   13 'see, tax, federal, expenditure, government': 0/1/0/0/0 (1)
   14 'использовать, потенциальный, ввп, компонент, оценка': 0/1/0/0/0 (1)
10 'единый цена' 32/29/10/2/0 (73)
   1  'цена, уровень, товар, единый, закон': 16/12/1/1/0 (30)
   2  'уровень, цена, экономический, товар, экономика': 7/4/3/0/0 (14)
   3  'потенциальный, ввп, метод, ряд, цена': 4/4/0/0/0 (8)
   4  'уровень, цена, see, выпуск, authority': 0/2/2/0/0 (4)
   5  'цикл, see, модель, являться, работа': 1/3/0/0/0 (4)
   6  'expenditure, see, рост, government, federal': 1/0/2/0/0 (3)
   7  'фильтр, оценка, ввп, рост, потенциальный': 2/1/0/0/0 (3)
   8  'see, работа, доход, результат, subnational': 1/0/1/0/0 (2)
   9  'бюджетный, оценка, страна, работа, expenditure': 0/2/0/0/0 (2)
   10 'бюджетный, государственный, бюджет, расход, рост': 0/1/0/0/0 (1)
   11 'использовать, потенциальный, ввп, компонент, оценка': 0/0/1/0/0 (1)
   12 'капитал, рост, страна, год, товар': 0/0/0/1/0 (1)
11 'see see' 16/54/16/0/0 (86)
   1  'see, оценка, subnational, разрыв, authority': 5/12/5/0/0 (22)
   2  'see, работа, доход, результат, subnational': 1/8/2/0/0 (11)
   3  'public, government, expenditure, region, goods': 2/6/2/0/0 (10)
   4  'see, tax, federal, expenditure, government': 2/6/2/0/0 (10)
   5  'expenditure, see, рост, government, federal': 2/6/1/0/0 (9)
   6  'уровень, цена, see, выпуск, authority': 2/4/1/0/0 (7)
   7  'цикл, see, модель, являться, работа': 0/7/0/0/0 (7)
   8  'economic, growth, rate, tax, see': 1/3/2/0/0 (6)
   9  'бюджетный, оценка, страна, работа, expenditure': 0/1/0/0/0 (1)
   10 'ввп, разрыв, структурный, see, объем': 1/0/0/0/0 (1)
   11 'использовать, потенциальный, ввп, компонент, оценка': 0/1/0/0/0 (1)
   12 'цена, уровень, товар, единый, закон': 0/0/1/0/0 (1)
12 'закон единый' 32/29/10/2/0 (73)
   1  'цена, уровень, товар, единый, закон': 16/12/1/1/0 (30)
   2  'уровень, цена, экономический, товар, экономика': 7/4/3/0/0 (14)
   3  'потенциальный, ввп, метод, ряд, цена': 4/4/0/0/0 (8)
   4  'уровень, цена, see, выпуск, authority': 0/2/2/0/0 (4)
   5  'цикл, see, модель, являться, работа': 1/3/0/0/0 (4)
   6  'expenditure, see, рост, government, federal': 1/0/2/0/0 (3)
   7  'фильтр, оценка, ввп, рост, потенциальный': 2/1/0/0/0 (3)
   8  'see, работа, доход, результат, subnational': 1/0/1/0/0 (2)
   9  'бюджетный, оценка, страна, работа, expenditure': 0/2/0/0/0 (2)
   10 'бюджетный, государственный, бюджет, расход, рост': 0/1/0/0/0 (1)
   11 'использовать, потенциальный, ввп, компонент, оценка': 0/0/1/0/0 (1)
   12 'капитал, рост, страна, год, товар': 0/0/0/1/0 (1)
13 'фильтр ходрикапрескотта' 0/40/16/8/0 (64)
   1  'фильтр, оценка, ввп, рост, потенциальный': 0/13/8/4/0 (25)
   2  'бюджетный, оценка, страна, работа, expenditure': 0/8/0/0/0 (8)
   3  'потенциальный, ввп, метод, ряд, цена': 0/8/0/0/0 (8)
   4  'see, работа, доход, результат, subnational': 0/6/0/0/0 (6)
   5  'expenditure, see, рост, government, federal': 0/0/0/4/0 (4)
   6  'использовать, потенциальный, ввп, компонент, оценка': 0/0/4/0/0 (4)
   7  'работа, налоговый, налогообложение, данный, теория': 0/3/0/0/0 (3)
   8  'see, tax, federal, expenditure, government': 0/2/0/0/0 (2)
   9  'see, оценка, subnational, разрыв, authority': 0/0/2/0/0 (2)
   10 'ввп, разрыв, структурный, see, объем': 0/0/2/0/0 (2)
14 'economic growth' 7/21/24/1/0 (53)
   1  'economic, growth, rate, tax, see': 1/9/6/0/0 (16)
   2  'expenditure, see, рост, government, federal': 0/3/7/1/0 (11)
   3  'бюджетный, оценка, страна, работа, expenditure': 2/3/3/0/0 (8)
   4  'фильтр, оценка, ввп, рост, потенциальный': 0/0/4/0/0 (4)
   5  'цикл, see, модель, являться, работа': 1/3/0/0/0 (4)
   6  'government, expenditure, рост, fiscal, капитал': 1/2/0/0/0 (3)
   7  'see, tax, federal, expenditure, government': 1/0/2/0/0 (3)
   8  'public, government, expenditure, region, goods': 1/0/1/0/0 (2)
   9  'see, работа, доход, результат, subnational': 0/0/1/0/0 (1)
   10 'потенциальный, ввп, метод, ряд, цена': 0/1/0/0/0 (1)
15 'detail see' 3/20/11/3/0 (37)
   1  'фильтр, оценка, ввп, рост, потенциальный': 0/2/4/0/0 (6)
   2  'цикл, see, модель, являться, работа': 0/4/1/1/0 (6)
   3  'see, оценка, subnational, разрыв, authority': 0/5/0/0/0 (5)
   4  'ввп, разрыв, структурный, see, объем': 0/0/4/0/0 (4)
   5  'потенциальный, ввп, метод, ряд, цена': 0/4/0/0/0 (4)
   6  'see, работа, доход, результат, subnational': 0/3/0/0/0 (3)
   7  'бюджетный, оценка, страна, работа, expenditure': 1/0/0/2/0 (3)
   8  'цена, уровень, товар, единый, закон': 0/2/0/0/0 (2)
   9  'economic, growth, rate, tax, see': 0/0/1/0/0 (1)
   10 'government, expenditure, рост, fiscal, капитал': 1/0/0/0/0 (1)
   11 'public, government, expenditure, region, goods': 1/0/0/0/0 (1)
   12 'see, tax, federal, expenditure, government': 0/0/1/0/0 (1)
16 'временный ряд' 25/5/32/0/4 (66)
   1  'использовать, потенциальный, ввп, компонент, оценка': 2/0/16/0/2 (20)
   2  'потенциальный, ввп, метод, ряд, цена': 6/2/3/0/0 (11)
   3  'цена, уровень, товар, единый, закон': 6/1/0/0/0 (7)
   4  'уровень, цена, экономический, товар, экономика': 1/1/4/0/0 (6)
   5  'public, government, expenditure, region, goods': 2/0/0/0/2 (4)
   6  'бюджетный, государственный, бюджет, расход, рост': 0/0/3/0/0 (3)
   7  'работа, налоговый, налогообложение, данный, теория': 0/0/3/0/0 (3)
   8  'цикл, see, модель, являться, работа': 2/1/0/0/0 (3)
   9  'economic, growth, rate, tax, see': 2/0/0/0/0 (2)
   10 'капитал, рост, страна, год, товар': 2/0/0/0/0 (2)
   11 'рост, показатель, капитал, экономический, уровень': 2/0/0/0/0 (2)
   12 'фильтр, оценка, ввп, рост, потенциальный': 0/0/2/0/0 (2)
   13 'see, работа, доход, результат, subnational': 0/0/1/0/0 (1)
17 'оценка потенциальный' 6/29/10/10/0 (55)
   1  'использовать, потенциальный, ввп, компонент, оценка': 1/7/2/4/0 (14)
   2  'фильтр, оценка, ввп, рост, потенциальный': 1/7/2/4/0 (14)
   3  'бюджетный, оценка, страна, работа, expenditure': 0/6/2/0/0 (8)
   4  'потенциальный, ввп, метод, ряд, цена': 2/6/0/0/0 (8)
   5  'public, government, expenditure, region, goods': 0/1/0/2/0 (3)
   6  'see, tax, federal, expenditure, government': 0/2/0/0/0 (2)
   7  'ввп, разрыв, структурный, see, объем': 0/0/2/0/0 (2)
   8  'цикл, see, модель, являться, работа': 0/0/2/0/0 (2)
   9  'see, оценка, subnational, разрыв, authority': 1/0/0/0/0 (1)
   10 'уровень, цена, экономический, товар, экономика': 1/0/0/0/0 (1)
18 'темп экономический' 29/19/10/3/9 (70)
   1  'рост, показатель, капитал, экономический, уровень': 7/1/2/1/2 (13)
   2  'фильтр, оценка, ввп, рост, потенциальный': 3/6/2/2/0 (13)
   3  'уровень, цена, экономический, товар, экономика': 6/0/1/0/5 (12)
   4  'цикл, see, модель, являться, работа': 0/8/0/0/0 (8)
   5  'уровень, цена, see, выпуск, authority': 7/0/0/0/0 (7)
   6  'капитал, рост, страна, год, товар': 1/2/2/0/1 (6)
   7  'expenditure, see, рост, government, federal': 1/2/1/0/1 (5)
   8  'цена, уровень, товар, единый, закон': 3/0/1/0/0 (4)
   9  'бюджетный, государственный, бюджет, расход, рост': 1/0/1/0/0 (2)
19 'цена нефть' 9/2/4/11/9 (35)
   1  'уровень, цена, see, выпуск, authority': 4/0/1/0/2 (7)
   2  'рост, показатель, капитал, экономический, уровень': 2/0/1/1/2 (6)
   3  'фильтр, оценка, ввп, рост, потенциальный': 1/1/0/4/0 (6)
   4  'капитал, рост, страна, год, товар': 1/0/1/1/2 (5)
   5  'public, government, expenditure, region, goods': 0/1/0/2/0 (3)
   6  'цена, уровень, товар, единый, закон': 0/0/1/0/2 (3)
   7  'уровень, цена, экономический, товар, экономика': 0/0/0/1/1 (2)
   8  'economic, growth, rate, tax, see': 1/0/0/0/0 (1)
   9  'government, expenditure, рост, fiscal, капитал': 0/0/0/1/0 (1)
   10 'бюджетный, государственный, бюджет, расход, рост': 0/0/0/1/0 (1)
20 'фильтр калман' 0/26/22/6/0 (54)
   1  'фильтр, оценка, ввп, рост, потенциальный': 0/12/10/2/0 (24)
   2  'see, оценка, subnational, разрыв, authority': 0/2/4/0/0 (6)
   3  'ввп, разрыв, структурный, see, объем': 0/0/6/0/0 (6)
   4  'see, работа, доход, результат, subnational': 0/4/0/0/0 (4)
   5  'бюджетный, оценка, страна, работа, expenditure': 0/3/0/0/0 (3)
   6  'работа, налоговый, налогообложение, данный, теория': 0/3/0/0/0 (3)
   7  'government, expenditure, рост, fiscal, капитал': 0/0/0/2/0 (2)
   8  'использовать, потенциальный, ввп, компонент, оценка': 0/0/0/2/0 (2)
   9  'потенциальный, ввп, метод, ряд, цена': 0/2/0/0/0 (2)
   10 'цикл, see, модель, являться, работа': 0/0/2/0/0 (2)
21 'товар услуга' 45/1/3/7/0 (56)
   1  'цена, уровень, товар, единый, закон': 15/0/1/1/0 (17)
   2  'уровень, цена, экономический, товар, экономика': 12/0/0/2/0 (14)
   3  'капитал, рост, страна, год, товар': 2/0/1/3/0 (6)
   4  'рост, показатель, капитал, экономический, уровень': 5/1/0/0/0 (6)
   5  'потенциальный, ввп, метод, ряд, цена': 4/0/0/1/0 (5)
   6  'фильтр, оценка, ввп, рост, потенциальный': 2/0/1/0/0 (3)
   7  'economic, growth, rate, tax, see': 1/0/0/0/0 (1)
   8  'expenditure, see, рост, government, federal': 1/0/0/0/0 (1)
   9  'government, expenditure, рост, fiscal, капитал': 1/0/0/0/0 (1)
   10 'бюджетный, оценка, страна, работа, expenditure': 1/0/0/0/0 (1)
   11 'работа, налоговый, налогообложение, данный, теория': 1/0/0/0/0 (1)
22 'условие торговля' 19/6/15/0/3 (43)
   1  'рост, показатель, капитал, экономический, уровень': 5/2/2/0/0 (9)
   2  'уровень, цена, экономический, товар, экономика': 5/0/2/0/1 (8)
   3  'капитал, рост, страна, год, товар': 3/1/1/0/2 (7)
   4  'фильтр, оценка, ввп, рост, потенциальный': 0/2/2/0/0 (4)
   5  'бюджетный, государственный, бюджет, расход, рост': 1/0/2/0/0 (3)
   6  'уровень, цена, see, выпуск, authority': 1/0/2/0/0 (3)
   7  'economic, growth, rate, tax, see': 2/0/0/0/0 (2)
   8  'public, government, expenditure, region, goods': 0/0/2/0/0 (2)
   9  'использовать, потенциальный, ввп, компонент, оценка': 0/0/2/0/0 (2)
   10 'government, expenditure, рост, fiscal, капитал': 1/0/0/0/0 (1)
   11 'see, работа, доход, результат, subnational': 1/0/0/0/0 (1)
   12 'цикл, see, модель, являться, работа': 0/1/0/0/0 (1)
23 'federal government' 2/25/19/0/0 (46)
   1  'public, government, expenditure, region, goods': 1/9/3/0/0 (13)
   2  'expenditure, see, рост, government, federal': 0/4/5/0/0 (9)
   3  'government, expenditure, рост, fiscal, капитал': 0/4/3/0/0 (7)
   4  'see, tax, federal, expenditure, government': 0/1/3/0/0 (4)
   5  'цена, уровень, товар, единый, закон': 0/2/1/0/0 (3)
   6  'economic, growth, rate, tax, see': 0/0/2/0/0 (2)
   7  'see, оценка, subnational, разрыв, authority': 0/2/0/0/0 (2)
   8  'бюджетный, оценка, страна, работа, expenditure': 1/0/1/0/0 (2)
   9  'see, работа, доход, результат, subnational': 0/1/0/0/0 (1)
   10 'ввп, разрыв, структурный, see, объем': 0/1/0/0/0 (1)
   11 'работа, налоговый, налогообложение, данный, теория': 0/0/1/0/0 (1)
   12 'фильтр, оценка, ввп, рост, потенциальный': 0/1/0/0/0 (1)
24 'financial aid' 30/14/0/0/0 (44)
   1  'see, оценка, subnational, разрыв, authority': 8/3/0/0/0 (11)
   2  'public, government, expenditure, region, goods': 5/5/0/0/0 (10)
   3  'expenditure, see, рост, government, federal': 6/2/0/0/0 (8)
   4  'уровень, цена, see, выпуск, authority': 4/0/0/0/0 (4)
   5  'see, работа, доход, результат, subnational': 2/1/0/0/0 (3)
   6  'economic, growth, rate, tax, see': 2/0/0/0/0 (2)
   7  'government, expenditure, рост, fiscal, капитал': 0/1/0/0/0 (1)
   8  'see, tax, federal, expenditure, government': 1/0/0/0/0 (1)
   9  'бюджетный, государственный, бюджет, расход, рост': 1/0/0/0/0 (1)
   10 'бюджетный, оценка, страна, работа, expenditure': 0/1/0/0/0 (1)
   11 'ввп, разрыв, структурный, see, объем': 0/1/0/0/0 (1)
   12 'цена, уровень, товар, единый, закон': 1/0/0/0/0 (1)
25 'оценка разрыв' 0/10/22/4/6 (42)
   1  'фильтр, оценка, ввп, рост, потенциальный': 0/6/10/2/0 (18)
   2  'ввп, разрыв, структурный, see, объем': 0/0/6/0/4 (10)
   3  'see, оценка, subnational, разрыв, authority': 0/2/4/2/0 (8)
   4  'see, работа, доход, результат, subnational': 0/2/0/0/0 (2)
   5  'уровень, цена, see, выпуск, authority': 0/0/0/0/2 (2)
   6  'цикл, see, модель, являться, работа': 0/0/2/0/0 (2)
26 'единичный корень' 24/4/6/0/0 (34)
   1  'потенциальный, ввп, метод, ряд, цена': 10/2/3/0/0 (15)
   2  'уровень, цена, экономический, товар, экономика': 6/0/0/0/0 (6)
   3  'цена, уровень, товар, единый, закон': 4/1/0/0/0 (5)
   4  'see, работа, доход, результат, subnational': 4/0/0/0/0 (4)
   5  'работа, налоговый, налогообложение, данный, теория': 0/0/2/0/0 (2)
   6  'бюджетный, государственный, бюджет, расход, рост': 0/0/1/0/0 (1)
   7  'цикл, see, модель, являться, работа': 0/1/0/0/0 (1)
27 'точка зрение' 13/19/16/2/4 (54)
   1  'фильтр, оценка, ввп, рост, потенциальный': 1/6/5/2/0 (14)
   2  'see, работа, доход, результат, subnational': 1/8/1/0/0 (10)
   3  'бюджетный, оценка, страна, работа, expenditure': 1/5/1/0/0 (7)
   4  'рост, показатель, капитал, экономический, уровень': 3/0/1/0/1 (5)
   5  'see, оценка, subnational, разрыв, authority': 0/0/3/0/0 (3)
   6  'потенциальный, ввп, метод, ряд, цена': 3/0/0/0/0 (3)
   7  'цикл, see, модель, являться, работа': 0/0/0/0/3 (3)
   8  'ввп, разрыв, структурный, see, объем': 0/0/2/0/0 (2)
   9  'использовать, потенциальный, ввп, компонент, оценка': 0/0/2/0/0 (2)
   10 'капитал, рост, страна, год, товар': 2/0/0/0/0 (2)
   11 'работа, налоговый, налогообложение, данный, теория': 2/0/0/0/0 (2)
   12 'бюджетный, государственный, бюджет, расход, рост': 0/0/1/0/0 (1)
28 'момент время' 8/9/10/1/8 (36)
   1  'использовать, потенциальный, ввп, компонент, оценка': 0/0/2/0/4 (6)
   2  'бюджетный, государственный, бюджет, расход, рост': 0/4/1/0/0 (5)
   3  'рост, показатель, капитал, экономический, уровень': 1/0/1/1/2 (5)
   4  'цена, уровень, товар, единый, закон': 0/4/1/0/0 (5)
   5  'фильтр, оценка, ввп, рост, потенциальный': 3/0/1/0/0 (4)
   6  'цикл, see, модель, являться, работа': 3/0/0/0/0 (3)
   7  'public, government, expenditure, region, goods': 0/0/0/0/2 (2)
   8  'капитал, рост, страна, год, товар': 0/0/2/0/0 (2)
   9  'expenditure, see, рост, government, federal': 0/0/1/0/0 (1)
   10 'government, expenditure, рост, fiscal, капитал': 1/0/0/0/0 (1)
   11 'бюджетный, оценка, страна, работа, expenditure': 0/1/0/0/0 (1)
   12 'уровень, цена, экономический, товар, экономика': 0/0/1/0/0 (1)
29 'provision public' 36/16/3/0/0 (55)
   1  'public, government, expenditure, region, goods': 16/5/1/0/0 (22)
   2  'see, оценка, subnational, разрыв, authority': 3/5/0/0/0 (8)
   3  'see, работа, доход, результат, subnational': 1/4/0/0/0 (5)
   4  'потенциальный, ввп, метод, ряд, цена': 4/0/0/0/0 (4)
   5  'уровень, цена, see, выпуск, authority': 4/0/0/0/0 (4)
   6  'economic, growth, rate, tax, see': 1/1/0/0/0 (2)
   7  'expenditure, see, рост, government, federal': 1/0/1/0/0 (2)
   8  'бюджетный, оценка, страна, работа, expenditure': 1/0/1/0/0 (2)
   9  'ввп, разрыв, структурный, see, объем': 2/0/0/0/0 (2)
   10 'government, expenditure, рост, fiscal, капитал': 0/1/0/0/0 (1)
   11 'рост, показатель, капитал, экономический, уровень': 1/0/0/0/0 (1)
   12 'цена, уровень, товар, единый, закон': 1/0/0/0/0 (1)
   13 'цикл, see, модель, являться, работа': 1/0/0/0/0 (1)
30 'человеческий капитал' 13/10/4/4/11 (42)
   1  'рост, показатель, капитал, экономический, уровень': 2/2/3/2/7 (16)
   2  'government, expenditure, рост, fiscal, капитал': 2/4/0/0/0 (6)
   3  'see, работа, доход, результат, subnational': 2/0/0/2/0 (4)
   4  'expenditure, see, рост, government, federal': 0/1/0/0/2 (3)
   5  'капитал, рост, страна, год, товар': 1/1/0/0/1 (3)
   6  'бюджетный, государственный, бюджет, расход, рост': 2/0/0/0/0 (2)
   7  'бюджетный, оценка, страна, работа, expenditure': 2/0/0/0/0 (2)
   8  'использовать, потенциальный, ввп, компонент, оценка': 2/0/0/0/0 (2)
   9  'public, government, expenditure, region, goods': 0/0/0/0/1 (1)
   10 'уровень, цена, экономический, товар, экономика': 0/1/0/0/0 (1)
   11 'фильтр, оценка, ввп, рост, потенциальный': 0/1/0/0/0 (1)
   12 'цена, уровень, товар, единый, закон': 0/0/1/0/0 (1)
31 'многомерный фильтр' 0/14/22/0/0 (36)
   1  'фильтр, оценка, ввп, рост, потенциальный': 0/8/10/0/0 (18)
   2  'see, оценка, subnational, разрыв, authority': 0/2/4/0/0 (6)
   3  'ввп, разрыв, структурный, see, объем': 0/0/6/0/0 (6)
   4  'see, работа, доход, результат, subnational': 0/4/0/0/0 (4)
   5  'цикл, see, модель, являться, работа': 0/0/2/0/0 (2)
32 'относительный цена' 33/9/0/0/0 (42)
   1  'потенциальный, ввп, метод, ряд, цена': 10/4/0/0/0 (14)
   2  'цена, уровень, товар, единый, закон': 8/3/0/0/0 (11)
   3  'уровень, цена, экономический, товар, экономика': 7/0/0/0/0 (7)
   4  'цикл, see, модель, являться, работа': 2/1/0/0/0 (3)
   5  'работа, налоговый, налогообложение, данный, теория': 2/0/0/0/0 (2)
   6  'рост, показатель, капитал, экономический, уровень': 2/0/0/0/0 (2)
   7  'government, expenditure, рост, fiscal, капитал': 1/0/0/0/0 (1)
   8  'see, работа, доход, результат, subnational': 1/0/0/0/0 (1)
   9  'бюджетный, оценка, страна, работа, expenditure': 0/1/0/0/0 (1)
33 'уровень ввп' 7/6/2/1/6 (22)
   1  'уровень, цена, экономический, товар, экономика': 7/2/0/0/0 (9)
   2  'рост, показатель, капитал, экономический, уровень': 0/0/1/1/2 (4)
   3  'уровень, цена, see, выпуск, authority': 0/0/1/0/2 (3)
   4  'ввп, разрыв, структурный, see, объем': 0/2/0/0/0 (2)
   5  'потенциальный, ввп, метод, ряд, цена': 0/2/0/0/0 (2)
   6  'цена, уровень, товар, единый, закон': 0/0/0/0/2 (2)
34 'экономический развитие' 28/13/0/10/0 (51)
   1  'уровень, цена, экономический, товар, экономика': 9/1/0/0/0 (10)
   2  'капитал, рост, страна, год, товар': 7/1/0/0/0 (8)
   3  'фильтр, оценка, ввп, рост, потенциальный': 1/3/0/4/0 (8)
   4  'рост, показатель, капитал, экономический, уровень': 2/1/0/2/0 (5)
   5  'бюджетный, государственный, бюджет, расход, рост': 2/2/0/0/0 (4)
   6  'public, government, expenditure, region, goods': 0/1/0/2/0 (3)
   7  'economic, growth, rate, tax, see': 2/0/0/0/0 (2)
   8  'government, expenditure, рост, fiscal, капитал': 1/1/0/0/0 (2)
   9  'see, работа, доход, результат, subnational': 0/0/0/2/0 (2)
   10 'использовать, потенциальный, ввп, компонент, оценка': 0/2/0/0/0 (2)
   11 'работа, налоговый, налогообложение, данный, теория': 2/0/0/0/0 (2)
   12 'уровень, цена, see, выпуск, authority': 2/0/0/0/0 (2)
   13 'цикл, see, модель, являться, работа': 0/1/0/0/0 (1)
35 'бюджетный разрыв' 5/3/12/12/11 (43)
   1  'бюджетный, оценка, страна, работа, expenditure': 1/1/1/1/4 (8)
   2  'капитал, рост, страна, год, товар': 1/0/1/3/1 (6)
   3  'see, оценка, subnational, разрыв, authority': 0/0/3/2/0 (5)
   4  'бюджетный, государственный, бюджет, расход, рост': 0/0/3/2/0 (5)
   5  'фильтр, оценка, ввп, рост, потенциальный': 1/1/1/1/1 (5)
   6  'рост, показатель, капитал, экономический, уровень': 1/0/0/0/3 (4)
   7  'see, работа, доход, результат, subnational': 0/1/1/0/1 (3)
   8  'использовать, потенциальный, ввп, компонент, оценка': 0/0/2/1/0 (3)
   9  'economic, growth, rate, tax, see': 0/0/0/1/0 (1)
   10 'public, government, expenditure, region, goods': 0/0/0/0/1 (1)
   11 'ввп, разрыв, структурный, see, объем': 0/0/0/1/0 (1)
   12 'уровень, цена, see, выпуск, authority': 1/0/0/0/0 (1)
36 'структурный var' 0/14/10/4/0 (28)
   1  'фильтр, оценка, ввп, рост, потенциальный': 0/6/4/2/0 (12)
   2  'see, работа, доход, результат, subnational': 0/8/0/0/0 (8)
   3  'ввп, разрыв, структурный, see, объем': 0/0/4/0/0 (4)
   4  'see, оценка, subnational, разрыв, authority': 0/0/0/2/0 (2)
   5  'цикл, see, модель, являться, работа': 0/0/2/0/0 (2)
37 'период год' 3/24/5/6/14 (52)
   1  'уровень, цена, экономический, товар, экономика': 1/5/0/1/1 (8)
   2  'цена, уровень, товар, единый, закон': 0/6/0/1/0 (7)
   3  'капитал, рост, страна, год, товар': 0/1/0/1/3 (5)
   4  'уровень, цена, see, выпуск, authority': 0/0/1/0/4 (5)
   5  'government, expenditure, рост, fiscal, капитал': 0/4/0/0/0 (4)
   6  'использовать, потенциальный, ввп, компонент, оценка': 0/1/2/0/1 (4)
   7  'фильтр, оценка, ввп, рост, потенциальный': 0/1/1/1/1 (4)
   8  'expenditure, see, рост, government, federal': 0/1/0/0/2 (3)
   9  'потенциальный, ввп, метод, ряд, цена': 0/2/0/1/0 (3)
   10 'рост, показатель, капитал, экономический, уровень': 0/1/1/1/0 (3)
   11 'бюджетный, оценка, страна, работа, expenditure': 0/2/0/0/0 (2)
   12 'цикл, see, модель, являться, работа': 2/0/0/0/0 (2)
   13 'see, работа, доход, результат, subnational': 0/0/0/0/1 (1)
   14 'ввп, разрыв, структурный, see, объем': 0/0/0/0/1 (1)
38 'government expenditure' 1/0/8/13/0 (22)
   1  'government, expenditure, рост, fiscal, капитал': 1/0/1/4/0 (6)
   2  'expenditure, see, рост, government, federal': 0/0/3/2/0 (5)
   3  'see, tax, federal, expenditure, government': 0/0/0/5/0 (5)
   4  'public, government, expenditure, region, goods': 0/0/3/0/0 (3)
   5  'бюджетный, оценка, страна, работа, expenditure': 0/0/0/2/0 (2)
   6  'бюджетный, государственный, бюджет, расход, рост': 0/0/1/0/0 (1)
39 'город сша' 32/0/0/0/0 (32)
   1  'уровень, цена, экономический, товар, экономика': 11/0/0/0/0 (11)
   2  'цена, уровень, товар, единый, закон': 7/0/0/0/0 (7)
   3  'потенциальный, ввп, метод, ряд, цена': 6/0/0/0/0 (6)
   4  'see, работа, доход, результат, subnational': 5/0/0/0/0 (5)
   5  'фильтр, оценка, ввп, рост, потенциальный': 2/0/0/0/0 (2)
   6  'expenditure, see, рост, government, federal': 1/0/0/0/0 (1)
40 'общий уровень' 35/7/0/0/0 (42)
   1  'уровень, цена, экономический, товар, экономика': 15/3/0/0/0 (18)
   2  'цена, уровень, товар, единый, закон': 4/2/0/0/0 (6)
   3  'капитал, рост, страна, год, товар': 4/0/0/0/0 (4)
   4  'работа, налоговый, налогообложение, данный, теория': 4/0/0/0/0 (4)
   5  'цикл, see, модель, являться, работа': 3/1/0/0/0 (4)
   6  'уровень, цена, see, выпуск, authority': 2/1/0/0/0 (3)
   7  'see, работа, доход, результат, subnational': 2/0/0/0/0 (2)
   8  'фильтр, оценка, ввп, рост, потенциальный': 1/0/0/0/0 (1)
41 'получить результат' 24/6/12/0/5 (47)
   1  'уровень, цена, экономический, товар, экономика': 9/0/0/0/1 (10)
   2  'использовать, потенциальный, ввп, компонент, оценка': 1/0/6/0/1 (8)
   3  'see, работа, доход, результат, subnational': 5/0/0/0/1 (6)
   4  'цена, уровень, товар, единый, закон': 5/0/0/0/0 (5)
   5  'government, expenditure, рост, fiscal, капитал': 0/4/0/0/0 (4)
   6  'потенциальный, ввп, метод, ряд, цена': 0/2/2/0/0 (4)
   7  'фильтр, оценка, ввп, рост, потенциальный': 3/0/0/0/0 (3)
   8  'бюджетный, государственный, бюджет, расход, рост': 0/0/2/0/0 (2)
   9  'бюджетный, оценка, страна, работа, expenditure': 0/0/2/0/0 (2)
   10 'expenditure, see, рост, government, federal': 0/0/0/0/1 (1)
   11 'капитал, рост, страна, год, товар': 0/0/0/0/1 (1)
   12 'цикл, see, модель, являться, работа': 1/0/0/0/0 (1)
42 'российский экономика' 21/0/8/2/20 (51)
   1  'рост, показатель, капитал, экономический, уровень': 7/0/1/1/4 (13)
   2  'капитал, рост, страна, год, товар': 1/0/3/0/3 (7)
   3  'уровень, цена, экономический, товар, экономика': 0/0/0/0/7 (7)
   4  'фильтр, оценка, ввп, рост, потенциальный': 4/0/1/0/2 (7)
   5  'уровень, цена, see, выпуск, authority': 6/0/0/0/0 (6)
   6  'цена, уровень, товар, единый, закон': 3/0/1/1/0 (5)
   7  'expenditure, see, рост, government, federal': 0/0/0/0/2 (2)
   8  'public, government, expenditure, region, goods': 0/0/1/0/0 (1)
   9  'ввп, разрыв, структурный, see, объем': 0/0/0/0/1 (1)
   10 'потенциальный, ввп, метод, ряд, цена': 0/0/1/0/0 (1)
   11 'цикл, see, модель, являться, работа': 0/0/0/0/1 (1)
43 'государственный финансы' 23/6/0/5/5 (39)
   1  'бюджетный, оценка, страна, работа, expenditure': 8/1/0/0/1 (10)
   2  'капитал, рост, страна, год, товар': 4/1/0/2/1 (8)
   3  'бюджетный, государственный, бюджет, расход, рост': 1/1/0/3/0 (5)
   4  'уровень, цена, экономический, товар, экономика': 5/0/0/0/0 (5)
   5  'see, работа, доход, результат, subnational': 0/2/0/0/0 (2)
   6  'рост, показатель, капитал, экономический, уровень': 1/0/0/0/1 (2)
   7  'уровень, цена, see, выпуск, authority': 1/1/0/0/0 (2)
   8  'economic, growth, rate, tax, see': 1/0/0/0/0 (1)
   9  'government, expenditure, рост, fiscal, капитал': 1/0/0/0/0 (1)
   10 'public, government, expenditure, region, goods': 0/0/0/0/1 (1)
   11 'потенциальный, ввп, метод, ряд, цена': 1/0/0/0/0 (1)
   12 'фильтр, оценка, ввп, рост, потенциальный': 0/0/0/0/1 (1)
44 'развиваться экономика' 20/6/7/5/0 (38)
   1  'капитал, рост, страна, год, товар': 6/1/2/2/0 (11)
   2  'бюджетный, оценка, страна, работа, expenditure': 6/0/1/0/0 (7)
   3  'уровень, цена, экономический, товар, экономика': 4/2/0/0/0 (6)
   4  'работа, налоговый, налогообложение, данный, теория': 0/0/2/2/0 (4)
   5  'бюджетный, государственный, бюджет, расход, рост': 0/0/2/1/0 (3)
   6  'ввп, разрыв, структурный, see, объем': 0/2/0/0/0 (2)
   7  'уровень, цена, see, выпуск, authority': 1/1/0/0/0 (2)
   8  'цена, уровень, товар, единый, закон': 2/0/0/0/0 (2)
   9  'economic, growth, rate, tax, see': 1/0/0/0/0 (1)
45 'central government' 8/13/6/1/0 (28)
   1  'see, оценка, subnational, разрыв, authority': 0/6/4/0/0 (10)
   2  'public, government, expenditure, region, goods': 5/3/0/0/0 (8)
   3  'see, tax, federal, expenditure, government': 0/0/2/0/0 (2)
   4  'ввп, разрыв, структурный, see, объем': 2/0/0/0/0 (2)
   5  'цена, уровень, товар, единый, закон': 0/2/0/0/0 (2)
   6  'expenditure, see, рост, government, federal': 1/0/0/0/0 (1)
   7  'government, expenditure, рост, fiscal, капитал': 0/0/0/1/0 (1)
   8  'see, работа, доход, результат, subnational': 0/1/0/0/0 (1)
   9  'рост, показатель, капитал, экономический, уровень': 0/1/0/0/0 (1)
46 'soft budget' 17/17/0/0/0 (34)
   1  'see, оценка, subnational, разрыв, authority': 4/4/0/0/0 (8)
   2  'public, government, expenditure, region, goods': 3/2/0/0/0 (5)
   3  'see, tax, federal, expenditure, government': 0/5/0/0/0 (5)
   4  'цена, уровень, товар, единый, закон': 5/0/0/0/0 (5)
   5  'see, работа, доход, результат, subnational': 0/3/0/0/0 (3)
   6  'цикл, see, модель, являться, работа': 1/2/0/0/0 (3)
   7  'government, expenditure, рост, fiscal, капитал': 2/0/0/0/0 (2)
   8  'expenditure, see, рост, government, federal': 0/1/0/0/0 (1)
   9  'бюджетный, оценка, страна, работа, expenditure': 1/0/0/0/0 (1)
   10 'уровень, цена, see, выпуск, authority': 1/0/0/0/0 (1)
47 'subnational government' 0/39/0/0/0 (39)
   1  'public, government, expenditure, region, goods': 0/17/0/0/0 (17)
   2  'government, expenditure, рост, fiscal, капитал': 0/5/0/0/0 (5)
   3  'expenditure, see, рост, government, federal': 0/4/0/0/0 (4)
   4  'see, оценка, subnational, разрыв, authority': 0/4/0/0/0 (4)
   5  'see, tax, federal, expenditure, government': 0/3/0/0/0 (3)
   6  'бюджетный, оценка, страна, работа, expenditure': 0/2/0/0/0 (2)
   7  'цена, уровень, товар, единый, закон': 0/2/0/0/0 (2)
   8  'economic, growth, rate, tax, see': 0/1/0/0/0 (1)
   9  'ввп, разрыв, структурный, see, объем': 0/1/0/0/0 (1)
48 'метод оценка' 1/15/5/8/0 (29)
   1  'бюджетный, оценка, страна, работа, expenditure': 0/6/2/0/0 (8)
   2  'использовать, потенциальный, ввп, компонент, оценка': 0/2/2/4/0 (8)
   3  'фильтр, оценка, ввп, рост, потенциальный': 0/3/0/2/0 (5)
   4  'капитал, рост, страна, год, товар': 1/0/1/2/0 (4)
   5  'потенциальный, ввп, метод, ряд, цена': 0/2/0/0/0 (2)
   6  'работа, налоговый, налогообложение, данный, теория': 0/2/0/0/0 (2)
49 'труд капитал' 17/4/7/6/10 (44)
   1  'капитал, рост, страна, год, товар': 4/0/3/2/3 (12)
   2  'использовать, потенциальный, ввп, компонент, оценка': 0/4/1/2/0 (7)
   3  'рост, показатель, капитал, экономический, уровень': 3/0/0/0/4 (7)
   4  'цена, уровень, товар, единый, закон': 0/0/2/2/0 (4)
   5  'потенциальный, ввп, метод, ряд, цена': 3/0/0/0/0 (3)
   6  'уровень, цена, экономический, товар, экономика': 3/0/0/0/0 (3)
   7  'expenditure, see, рост, government, federal': 0/0/0/0/2 (2)
   8  'фильтр, оценка, ввп, рост, потенциальный': 1/0/1/0/0 (2)
   9  'government, expenditure, рост, fiscal, капитал': 1/0/0/0/0 (1)
   10 'public, government, expenditure, region, goods': 0/0/0/0/1 (1)
   11 'работа, налоговый, налогообложение, данный, теория': 1/0/0/0/0 (1)
   12 'цикл, see, модель, являться, работа': 1/0/0/0/0 (1)
50 'уровень безработица' 13/0/0/0/0 (13)
   1  'уровень, цена, экономический, товар, экономика': 11/0/0/0/0 (11)
   2  'government, expenditure, рост, fiscal, капитал': 2/0/0/0/0 (2)
